Archive member included to satisfy reference by file (symbol)

/opt/st/stm32cubeide_1.16.1/plugins/com.st.stm32cube.ide.mcu.externaltools.gnu-tools-for-stm32.12.3.rel1.linux64_1.0.200.202406132123/tools/bin/../lib/gcc/arm-none-eabi/12.3.1/../../../../arm-none-eabi/lib/thumb/v7e-m+dp/hard/libc_nano.a(libc_a-atoi.o)
                              ./Core/Src/PlasmaDriver.o (atoi)
/opt/st/stm32cubeide_1.16.1/plugins/com.st.stm32cube.ide.mcu.externaltools.gnu-tools-for-stm32.12.3.rel1.linux64_1.0.200.202406132123/tools/bin/../lib/gcc/arm-none-eabi/12.3.1/../../../../arm-none-eabi/lib/thumb/v7e-m+dp/hard/libc_nano.a(libc_a-exit.o)
                              /opt/st/stm32cubeide_1.16.1/plugins/com.st.stm32cube.ide.mcu.externaltools.gnu-tools-for-stm32.12.3.rel1.linux64_1.0.200.202406132123/tools/bin/../lib/gcc/arm-none-eabi/12.3.1/../../../../arm-none-eabi/lib/thumb/v7e-m+dp/hard/crt0.o (exit)
/opt/st/stm32cubeide_1.16.1/plugins/com.st.stm32cube.ide.mcu.externaltools.gnu-tools-for-stm32.12.3.rel1.linux64_1.0.200.202406132123/tools/bin/../lib/gcc/arm-none-eabi/12.3.1/../../../../arm-none-eabi/lib/thumb/v7e-m+dp/hard/libc_nano.a(libc_a-itoa.o)
                              ./Core/Src/PlasmaDriver.o (itoa)
/opt/st/stm32cubeide_1.16.1/plugins/com.st.stm32cube.ide.mcu.externaltools.gnu-tools-for-stm32.12.3.rel1.linux64_1.0.200.202406132123/tools/bin/../lib/gcc/arm-none-eabi/12.3.1/../../../../arm-none-eabi/lib/thumb/v7e-m+dp/hard/libc_nano.a(libc_a-strtol.o)
                              /opt/st/stm32cubeide_1.16.1/plugins/com.st.stm32cube.ide.mcu.externaltools.gnu-tools-for-stm32.12.3.rel1.linux64_1.0.200.202406132123/tools/bin/../lib/gcc/arm-none-eabi/12.3.1/../../../../arm-none-eabi/lib/thumb/v7e-m+dp/hard/libc_nano.a(libc_a-atoi.o) (_strtol_r)
/opt/st/stm32cubeide_1.16.1/plugins/com.st.stm32cube.ide.mcu.externaltools.gnu-tools-for-stm32.12.3.rel1.linux64_1.0.200.202406132123/tools/bin/../lib/gcc/arm-none-eabi/12.3.1/../../../../arm-none-eabi/lib/thumb/v7e-m+dp/hard/libc_nano.a(libc_a-utoa.o)
                              /opt/st/stm32cubeide_1.16.1/plugins/com.st.stm32cube.ide.mcu.externaltools.gnu-tools-for-stm32.12.3.rel1.linux64_1.0.200.202406132123/tools/bin/../lib/gcc/arm-none-eabi/12.3.1/../../../../arm-none-eabi/lib/thumb/v7e-m+dp/hard/libc_nano.a(libc_a-itoa.o) (__utoa)
/opt/st/stm32cubeide_1.16.1/plugins/com.st.stm32cube.ide.mcu.externaltools.gnu-tools-for-stm32.12.3.rel1.linux64_1.0.200.202406132123/tools/bin/../lib/gcc/arm-none-eabi/12.3.1/../../../../arm-none-eabi/lib/thumb/v7e-m+dp/hard/libc_nano.a(libc_a-ctype_.o)
                              /opt/st/stm32cubeide_1.16.1/plugins/com.st.stm32cube.ide.mcu.externaltools.gnu-tools-for-stm32.12.3.rel1.linux64_1.0.200.202406132123/tools/bin/../lib/gcc/arm-none-eabi/12.3.1/../../../../arm-none-eabi/lib/thumb/v7e-m+dp/hard/libc_nano.a(libc_a-strtol.o) (_ctype_)
/opt/st/stm32cubeide_1.16.1/plugins/com.st.stm32cube.ide.mcu.externaltools.gnu-tools-for-stm32.12.3.rel1.linux64_1.0.200.202406132123/tools/bin/../lib/gcc/arm-none-eabi/12.3.1/../../../../arm-none-eabi/lib/thumb/v7e-m+dp/hard/libc_nano.a(libc_a-nano-vfprintf_float.o)
                              (_printf_float)
/opt/st/stm32cubeide_1.16.1/plugins/com.st.stm32cube.ide.mcu.externaltools.gnu-tools-for-stm32.12.3.rel1.linux64_1.0.200.202406132123/tools/bin/../lib/gcc/arm-none-eabi/12.3.1/../../../../arm-none-eabi/lib/thumb/v7e-m+dp/hard/libc_nano.a(libc_a-nano-vfprintf_i.o)
                              /opt/st/stm32cubeide_1.16.1/plugins/com.st.stm32cube.ide.mcu.externaltools.gnu-tools-for-stm32.12.3.rel1.linux64_1.0.200.202406132123/tools/bin/../lib/gcc/arm-none-eabi/12.3.1/../../../../arm-none-eabi/lib/thumb/v7e-m+dp/hard/libc_nano.a(libc_a-nano-vfprintf_float.o) (_printf_common)
/opt/st/stm32cubeide_1.16.1/plugins/com.st.stm32cube.ide.mcu.externaltools.gnu-tools-for-stm32.12.3.rel1.linux64_1.0.200.202406132123/tools/bin/../lib/gcc/arm-none-eabi/12.3.1/../../../../arm-none-eabi/lib/thumb/v7e-m+dp/hard/libc_nano.a(libc_a-findfp.o)
                              /opt/st/stm32cubeide_1.16.1/plugins/com.st.stm32cube.ide.mcu.externaltools.gnu-tools-for-stm32.12.3.rel1.linux64_1.0.200.202406132123/tools/bin/../lib/gcc/arm-none-eabi/12.3.1/../../../../arm-none-eabi/lib/thumb/v7e-m+dp/hard/libc_nano.a(libc_a-exit.o) (__stdio_exit_handler)
/opt/st/stm32cubeide_1.16.1/plugins/com.st.stm32cube.ide.mcu.externaltools.gnu-tools-for-stm32.12.3.rel1.linux64_1.0.200.202406132123/tools/bin/../lib/gcc/arm-none-eabi/12.3.1/../../../../arm-none-eabi/lib/thumb/v7e-m+dp/hard/libc_nano.a(libc_a-fwalk.o)
                              /opt/st/stm32cubeide_1.16.1/plugins/com.st.stm32cube.ide.mcu.externaltools.gnu-tools-for-stm32.12.3.rel1.linux64_1.0.200.202406132123/tools/bin/../lib/gcc/arm-none-eabi/12.3.1/../../../../arm-none-eabi/lib/thumb/v7e-m+dp/hard/libc_nano.a(libc_a-findfp.o) (_fwalk_sglue)
[...]
Memory Configuration

Name             Origin             Length             Attributes
ITCMRAM          0x00000000         0x00010000         xrw
DTCMRAM          0x20000000         0x00020000         xrw
FLASH            0x08000000         0x00100000         xr
RAM_D1           0x24000000         0x00050000         xrw
RAM_D2           0x30000000         0x00008000         xrw
RAM_D3           0x38000000         0x00004000         xrw
*default*        0x00000000         0xffffffff

Linker script and memory map

LOAD /opt/st/stm32cubeide_1.16.1/plugins/com.st.stm32cube.ide.mcu.externaltools.gnu-tools-for-stm32.12.3.rel1.linux64_1.0.200.202406132123/tools/bin/../lib/gcc/arm-none-eabi/12.3.1/thumb/v7e-m+dp/hard/crti.o
LOAD /opt/st/stm32cubeide_1.16.1/plugins/com.st.stm32cube.ide.mcu.externaltools.gnu-tools-for-stm32.12.3.rel1.linux64_1.0.200.202406132123/tools/bin/../lib/gcc/arm-none-eabi/12.3.1/thumb/v7e-m+dp/hard/crtbegin.o
LOAD /opt/st/stm32cubeide_1.16.1/plugins/com.st.stm32cube.ide.mcu.externaltools.gnu-tools-for-stm32.12.3.rel1.linux64_1.0.200.202406132123/tools/bin/../lib/gcc/arm-none-eabi/12.3.1/../../../../arm-none-eabi/lib/thumb/v7e-m+dp/hard/crt0.o
LOAD ./Core/Src/PlasmaDriver.o
LOAD ./Core/Src/main.o
LOAD ./Core/Src/stm32h7xx_hal_msp.o
LOAD ./Core/Src/stm32h7xx_it.o
LOAD ./Core/Src/syscalls.o
LOAD ./Core/Src/sysmem.o
LOAD ./Core/Src/system_stm32h7xx.o
LOAD ./Core/Startup/startup_stm32h723zgtx.o
LOAD ./Drivers/STM32H7xx_HAL_Driver/Src/stm32h7xx_hal.o
LOAD ./Drivers/STM32H7xx_HAL_Driver/Src/stm32h7xx_hal_adc.o
LOAD ./Drivers/STM32H7xx_HAL_Driver/Src/stm32h7xx_hal_adc_ex.o
LOAD ./Drivers/STM32H7xx_HAL_Driver/Src/stm32h7xx_hal_comp.o
LOAD ./Drivers/STM32H7xx_HAL_Driver/Src/stm32h7xx_hal_cortex.o
LOAD ./Drivers/STM32H7xx_HAL_Driver/Src/stm32h7xx_hal_dma.o
LOAD ./Drivers/STM32H7xx_HAL_Driver/Src/stm32h7xx_hal_dma_ex.o
LOAD ./Drivers/STM32H7xx_HAL_Driver/Src/stm32h7xx_hal_eth.o
LOAD ./Drivers/STM32H7xx_HAL_Driver/Src/stm32h7xx_hal_eth_ex.o
LOAD ./Drivers/STM32H7xx_HAL_Driver/Src/stm32h7xx_hal_exti.o
LOAD ./Drivers/STM32H7xx_HAL_Driver/Src/stm32h7xx_hal_flash.o
LOAD ./Drivers/STM32H7xx_HAL_Driver/Src/stm32h7xx_hal_flash_ex.o
LOAD ./Drivers/STM32H7xx_HAL_Driver/Src/stm32h7xx_hal_gpio.o
LOAD ./Drivers/STM32H7xx_HAL_Driver/Src/stm32h7xx_hal_hsem.o
LOAD ./Drivers/STM32H7xx_HAL_Driver/Src/stm32h7xx_hal_i2c.o
LOAD ./Drivers/STM32H7xx_HAL_Driver/Src/stm32h7xx_hal_i2c_ex.o
LOAD ./Drivers/STM32H7xx_HAL_Driver/Src/stm32h7xx_hal_mdma.o
LOAD ./Drivers/STM32H7xx_HAL_Driver/Src/stm32h7xx_hal_pwr.o
LOAD ./Drivers/STM32H7xx_HAL_Driver/Src/stm32h7xx_hal_pwr_ex.o
LOAD ./Drivers/STM32H7xx_HAL_Driver/Src/stm32h7xx_hal_rcc.o
LOAD ./Drivers/STM32H7xx_HAL_Driver/Src/stm32h7xx_hal_rcc_ex.o
LOAD ./Drivers/STM32H7xx_HAL_Driver/Src/stm32h7xx_hal_tim.o
LOAD ./Drivers/STM32H7xx_HAL_Driver/Src/stm32h7xx_hal_tim_ex.o
LOAD ./Drivers/STM32H7xx_HAL_Driver/Src/stm32h7xx_hal_uart.o
LOAD ./Drivers/STM32H7xx_HAL_Driver/Src/stm32h7xx_hal_uart_ex.o
START GROUP
LOAD /opt/st/stm32cubeide_1.16.1/plugins/com.st.stm32cube.ide.mcu.externaltools.gnu-tools-for-stm32.12.3.rel1.linux64_1.0.200.202406132123/tools/bin/../lib/gcc/arm-none-eabi/12.3.1/../../../../arm-none-eabi/lib/thumb/v7e-m+dp/hard/libc_nano.a
LOAD /opt/st/stm32cubeide_1.16.1/plugins/com.st.stm32cube.ide.mcu.externaltools.gnu-tools-for-stm32.12.3.rel1.linux64_1.0.200.202406132123/tools/bin/../lib/gcc/arm-none-eabi/12.3.1/../../../../arm-none-eabi/lib/thumb/v7e-m+dp/hard/libm.a
END GROUP
START GROUP
LOAD /opt/st/stm32cubeide_1.16.1/plugins/com.st.stm32cube.ide.mcu.externaltools.gnu-tools-for-stm32.12.3.rel1.linux64_1.0.200.202406132123/tools/bin/../lib/gcc/arm-none-eabi/12.3.1/thumb/v7e-m+dp/hard/libgcc.a
LOAD /opt/st/stm32cubeide_1.16.1/plugins/com.st.stm32cube.ide.mcu.externaltools.gnu-tools-for-stm32.12.3.rel1.linux64_1.0.200.202406132123/tools/bin/../lib/gcc/arm-none-eabi/12.3.1/../../../../arm-none-eabi/lib/thumb/v7e-m+dp/hard/libc_nano.a
END GROUP
START GROUP
LOAD /opt/st/stm32cubeide_1.16.1/plugins/com.st.stm32cube.ide.mcu.externaltools.gnu-tools-for-stm32.12.3.rel1.linux64_1.0.200.202406132123/tools/bin/../lib/gcc/arm-none-eabi/12.3.1/thumb/v7e-m+dp/hard/libgcc.a
LOAD /opt/st/stm32cubeide_1.16.1/plugins/com.st.stm32cube.ide.mcu.externaltools.gnu-tools-for-stm32.12.3.rel1.linux64_1.0.200.202406132123/tools/bin/../lib/gcc/arm-none-eabi/12.3.1/../../../../arm-none-eabi/lib/thumb/v7e-m+dp/hard/libc_nano.a
LOAD /opt/st/stm32cubeide_1.16.1/plugins/com.st.stm32cube.ide.mcu.externaltools.gnu-tools-for-stm32.12.3.rel1.linux64_1.0.200.202406132123/tools/bin/../lib/gcc/arm-none-eabi/12.3.1/../../../../arm-none-eabi/lib/thumb/v7e-m+dp/hard/libnosys.a
END GROUP
START GROUP
LOAD /opt/st/stm32cubeide_1.16.1/plugins/com.st.stm32cube.ide.mcu.externaltools.gnu-tools-for-stm32.12.3.rel1.linux64_1.0.200.202406132123/tools/bin/../lib/gcc/arm-none-eabi/12.3.1/thumb/v7e-m+dp/hard/libgcc.a
LOAD /opt/st/stm32cubeide_1.16.1/plugins/com.st.stm32cube.ide.mcu.externaltools.gnu-tools-for-stm32.12.3.rel1.linux64_1.0.200.202406132123/tools/bin/../lib/gcc/arm-none-eabi/12.3.1/../../../../arm-none-eabi/lib/thumb/v7e-m+dp/hard/libc_nano.a
LOAD /opt/st/stm32cubeide_1.16.1/plugins/com.st.stm32cube.ide.mcu.externaltools.gnu-tools-for-stm32.12.3.rel1.linux64_1.0.200.202406132123/tools/bin/../lib/gcc/arm-none-eabi/12.3.1/../../../../arm-none-eabi/lib/thumb/v7e-m+dp/hard/libnosys.a
END GROUP
LOAD /opt/st/stm32cubeide_1.16.1/plugins/com.st.stm32cube.ide.mcu.externaltools.gnu-tools-for-stm32.12.3.rel1.linux64_1.0.200.202406132123/tools/bin/../lib/gcc/arm-none-eabi/12.3.1/thumb/v7e-m+dp/hard/crtend.o
LOAD /opt/st/stm32cubeide_1.16.1/plugins/com.st.stm32cube.ide.mcu.externaltools.gnu-tools-for-stm32.12.3.rel1.linux64_1.0.200.202406132123/tools/bin/../lib/gcc/arm-none-eabi/12.3.1/thumb/v7e-m+dp/hard/crtn.o
                0x24050000                        _estack = (ORIGIN (RAM_D1) + LENGTH (RAM_D1))
                0x00000200                        _Min_Heap_Size = 0x200
                0x00000400                        _Min_Stack_Size = 0x400

.isr_vector     0x08000000      0x2cc
                0x08000000                        . = ALIGN (0x4)
 *(.isr_vector)
 .isr_vector    0x08000000      0x2cc ./Core/Startup/startup_stm32h723zgtx.o
                0x08000000                g_pfnVectors
                0x080002cc                        . = ALIGN (0x4)

.text           0x080002d0    0x137dc
                0x080002d0                        . = ALIGN (0x4)
 *(.text)
 .text          0x080002d0       0x40 /opt/st/stm32cubeide_1.16.1/plugins/com.st.stm32cube.ide.mcu.externaltools.gnu-tools-for-stm32.12.3.rel1.linux64_1.0.200.202406132123/tools/bin/../lib/gcc/arm-none-eabi/12.3.1/thumb/v7e-m+dp/hard/crtbegin.o
 .text          0x08000310       0xa0 /opt/st/stm32cubeide_1.16.1/plugins/com.st.stm32cube.ide.mcu.externaltools.gnu-tools-for-stm32.12.3.rel1.linux64_1.0.200.202406132123/tools/bin/../lib/gcc/arm-none-eabi/12.3.1/../../../../arm-none-eabi/lib/thumb/v7e-m+dp/hard/libc_nano.a(libc_a-memchr.o)
                0x08000310                memchr
 .text          0x080003b0       0x10 /opt/st/stm32cubeide_1.16.1/plugins/com.st.stm32cube.ide.mcu.externaltools.gnu-tools-for-stm32.12.3.rel1.linux64_1.0.200.202406132123/tools/bin/../lib/gcc/arm-none-eabi/12.3.1/../../../../arm-none-eabi/lib/thumb/v7e-m+dp/hard/libc_nano.a(libc_a-strlen.o)
                0x080003b0                strlen
 .text          0x080003c0       0x30 /opt/st/stm32cubeide_1.16.1/plugins/com.st.stm32cube.ide.mcu.externaltools.gnu-tools-for-stm32.12.3.rel1.linux64_1.0.200.202406132123/tools/bin/../lib/gcc/arm-none-eabi/12.3.1/thumb/v7e-m+dp/hard/libgcc.a(_aeabi_uldivmod.o)
                0x080003c0                __aeabi_uldivmod
 .text          0x080003f0      0x2bc /opt/st/stm32cubeide_1.16.1/plugins/com.st.stm32cube.ide.mcu.externaltools.gnu-tools-for-stm32.12.3.rel1.linux64_1.0.200.202406132123/tools/bin/../lib/gcc/arm-none-eabi/12.3.1/thumb/v7e-m+dp/hard/libgcc.a(_udivmoddi4.o)
                0x080003f0                __udivmoddi4
 .text          0x080006ac        0x4 /opt/st/stm32cubeide_1.16.1/plugins/com.st.stm32cube.ide.mcu.externaltools.gnu-tools-for-stm32.12.3.rel1.linux64_1.0.200.202406132123/tools/bin/../lib/gcc/arm-none-eabi/12.3.1/thumb/v7e-m+dp/hard/libgcc.a(_dvmd_tls.o)
                0x080006ac                __aeabi_ldiv0
                0x080006ac                __aeabi_idiv0
 *(.text*)
 .text.writeConfigFlash
                0x080006b0       0x74 ./Core/Src/PlasmaDriver.o
 .text.readConfigFlash
                0x08000724       0x20 ./Core/Src/PlasmaDriver.o
 .text.printCR  0x08000744       0x20 ./Core/Src/PlasmaDriver.o
 .text.printString
                0x08000764       0x2c ./Core/Src/PlasmaDriver.o
 .text.printConfigFlash
                0x08000790       0x58 ./Core/Src/PlasmaDriver.o
 .text.printNumber
                0x080007e8       0x8c ./Core/Src/PlasmaDriver.o
 .text.printHALErrorStatus
                0x08000874       0x90 ./Core/Src/PlasmaDriver.o
 .text.stopHbridge
                0x08000904       0x5c ./Core/Src/PlasmaDriver.o
                0x08000904                stopHbridge
 .text.printHbridgeData
                0x08000960       0x50 ./Core/Src/PlasmaDriver.o
 .text.programHbridge
                0x080009b0      0x3c8 ./Core/Src/PlasmaDriver.o
 .text.convertADC12data
                0x08000d78      0x298 ./Core/Src/PlasmaDriver.o
                0x08000d78                convertADC12data
 .text.printADC12data
                0x08001010      0x29c ./Core/Src/PlasmaDriver.o
                0x08001010                printADC12data
 .text.freqCorrection
                0x080012ac      0x184 ./Core/Src/PlasmaDriver.o
                0x080012ac                freqCorrection
 .text.measureBridgePlasmaADC12
                0x08001430       0xb4 ./Core/Src/PlasmaDriver.o
                0x08001430                measureBridgePlasmaADC12
 .text.doneMeasuringBridgePlasmaADC12
                0x080014e4       0xac ./Core/Src/PlasmaDriver.o
                0x080014e4                doneMeasuringBridgePlasmaADC12
 .text.printHbridgeDatalogging
                0x08001590      0x1a8 ./Core/Src/PlasmaDriver.o
 .text.autoFreqAdj
                0x08001738       0xb8 ./Core/Src/PlasmaDriver.o
                0x08001738                autoFreqAdj
 .text.convertADC3data
                0x080017f0      0x21c ./Core/Src/PlasmaDriver.o
                0x080017f0                convertADC3data
 .text.printADC3data
                0x08001a0c       0x8c ./Core/Src/PlasmaDriver.o
                0x08001a0c                printADC3data
 .text.measureVoltagesTemperaturesADC3
                0x08001a98       0x28 ./Core/Src/PlasmaDriver.o
                0x08001a98                measureVoltagesTemperaturesADC3
 .text.doneMeasuringVoltagesTemperaturesADC3
                0x08001ac0       0x44 ./Core/Src/PlasmaDriver.o
                0x08001ac0                doneMeasuringVoltagesTemperaturesADC3
 .text.GetNumber
                0x08001b04       0xd8 ./Core/Src/PlasmaDriver.o
 .text.GetUint16Input
                0x08001bdc       0xa8 ./Core/Src/PlasmaDriver.o
 .text.HAL_ADC_ErrorCallback
                0x08001c84       0x58 ./Core/Src/PlasmaDriver.o
                0x08001c84                HAL_ADC_ErrorCallback
 .text.HAL_ADC_ConvCpltCallback
                0x08001cdc       0x60 ./Core/Src/PlasmaDriver.o
                0x08001cdc                HAL_ADC_ConvCpltCallback
 .text.PowerOffLowSupplies
                0x08001d3c       0x48 ./Core/Src/PlasmaDriver.o
                0x08001d3c                PowerOffLowSupplies
 .text.PowerOffHighSupplies
                0x08001d84       0x4c ./Core/Src/PlasmaDriver.o
                0x08001d84                PowerOffHighSupplies
 .text.PowerOffSupplies
                0x08001dd0       0x10 ./Core/Src/PlasmaDriver.o
                0x08001dd0                PowerOffSupplies
 .text.PowerOnLowSupplies
                0x08001de0       0x88 ./Core/Src/PlasmaDriver.o
                0x08001de0                PowerOnLowSupplies
 .text.PowerOnHighSupplies
                0x08001e68       0xa0 ./Core/Src/PlasmaDriver.o
                0x08001e68                PowerOnHighSupplies
 .text.HAL_GPIO_EXTI_Callback
                0x08001f08       0x2c ./Core/Src/PlasmaDriver.o
                0x08001f08                HAL_GPIO_EXTI_Callback
 .text.InitializeConfigMenu
                0x08001f34       0x58 ./Core/Src/PlasmaDriver.o
 .text.InitializeMenu
                0x08001f8c      0x198 ./Core/Src/PlasmaDriver.o
 .text.ShowChangeConfigFlash
                0x08002124       0xd8 ./Core/Src/PlasmaDriver.o
                0x08002124                ShowChangeConfigFlash
 .text.testGPIO
                0x080021fc        0xe ./Core/Src/PlasmaDriver.o
                0x080021fc                testGPIO
 .text.RunModeAction
                0x0800220a       0x1e ./Core/Src/PlasmaDriver.o
 .text.TestModeAction
                0x08002228      0x22c ./Core/Src/PlasmaDriver.o
 .text.PlasmaDriverMenu
                0x08002454       0xac ./Core/Src/PlasmaDriver.o
 .text.PlasmaDriverInit
                0x08002500       0xb8 ./Core/Src/PlasmaDriver.o
                0x08002500                PlasmaDriverInit
 .text.PlasmaDoTask
                0x080025b8       0x54 ./Core/Src/PlasmaDriver.o
                0x080025b8                PlasmaDoTask
 .text.main     0x0800260c       0x56 ./Core/Src/main.o
                0x0800260c                main
 *fill*         0x08002662        0x2 
 .text.SystemClock_Config
                0x08002664       0xe0 ./Core/Src/main.o
                0x08002664                SystemClock_Config
 .text.PeriphCommonClock_Config
                0x08002744       0x5e ./Core/Src/main.o
                0x08002744                PeriphCommonClock_Config
 *fill*         0x080027a2        0x2 
 .text.MX_ADC1_Init
                0x080027a4      0x13c ./Core/Src/main.o
 .text.MX_ADC2_Init
                0x080028e0      0x148 ./Core/Src/main.o
 .text.MX_ADC3_Init
                0x08002a28      0x224 ./Core/Src/main.o
 .text.MX_COMP2_Init
                0x08002c4c       0x5c ./Core/Src/main.o
 .text.MX_ETH_Init
                0x08002ca8       0x98 ./Core/Src/main.o
 .text.MX_LPUART1_UART_Init
                0x08002d40       0x9c ./Core/Src/main.o
 .text.MX_USART3_UART_Init
                0x08002ddc       0x98 ./Core/Src/main.o
 .text.MX_TIM1_Init
                0x08002e74      0x124 ./Core/Src/main.o
 .text.MX_TIM2_Init
                0x08002f98       0xb4 ./Core/Src/main.o
 .text.MX_TIM3_Init
                0x0800304c       0xa8 ./Core/Src/main.o
 .text.MX_TIM4_Init
                0x080030f4       0xb4 ./Core/Src/main.o
 .text.MX_TIM15_Init
                0x080031a8       0xb0 ./Core/Src/main.o
 .text.MX_USB_OTG_HS_USB_Init
                0x08003258        0xe ./Core/Src/main.o
 *fill*         0x08003266        0x2 
 .text.MX_DMA_Init
                0x08003268       0x50 ./Core/Src/main.o
 .text.MX_GPIO_Init
                0x080032b8      0x2e0 ./Core/Src/main.o
 .text.Error_Handler
                0x08003598        0xc ./Core/Src/main.o
                0x08003598                Error_Handler
 .text.HAL_MspInit
                0x080035a4       0x34 ./Core/Src/stm32h7xx_hal_msp.o
                0x080035a4                HAL_MspInit
 .text.HAL_ADC_MspInit
                0x080035d8      0x2fc ./Core/Src/stm32h7xx_hal_msp.o
                0x080035d8                HAL_ADC_MspInit
 .text.HAL_COMP_MspInit
                0x080038d4       0xb0 ./Core/Src/stm32h7xx_hal_msp.o
                0x080038d4                HAL_COMP_MspInit
 .text.HAL_ETH_MspInit
                0x08003984      0x19c ./Core/Src/stm32h7xx_hal_msp.o
                0x08003984                HAL_ETH_MspInit
 .text.HAL_UART_MspInit
                0x08003b20      0x174 ./Core/Src/stm32h7xx_hal_msp.o
                0x08003b20                HAL_UART_MspInit
 .text.HAL_TIM_PWM_MspInit
                0x08003c94       0x9c ./Core/Src/stm32h7xx_hal_msp.o
                0x08003c94                HAL_TIM_PWM_MspInit
 .text.HAL_TIM_IC_MspInit
                0x08003d30      0x104 ./Core/Src/stm32h7xx_hal_msp.o
                0x08003d30                HAL_TIM_IC_MspInit
 .text.HAL_TIM_MspPostInit
                0x08003e34      0x11c ./Core/Src/stm32h7xx_hal_msp.o
                0x08003e34                HAL_TIM_MspPostInit
 .text.NMI_Handler
                0x08003f50        0x8 ./Core/Src/stm32h7xx_it.o
                0x08003f50                NMI_Handler
 .text.HardFault_Handler
                0x08003f58        0x8 ./Core/Src/stm32h7xx_it.o
                0x08003f58                HardFault_Handler
 .text.MemManage_Handler
                0x08003f60        0x8 ./Core/Src/stm32h7xx_it.o
                0x08003f60                MemManage_Handler
 .text.BusFault_Handler
                0x08003f68        0x8 ./Core/Src/stm32h7xx_it.o
                0x08003f68                BusFault_Handler
 .text.UsageFault_Handler
                0x08003f70        0x8 ./Core/Src/stm32h7xx_it.o
                0x08003f70                UsageFault_Handler
 .text.SVC_Handler
                0x08003f78        0xe ./Core/Src/stm32h7xx_it.o
                0x08003f78                SVC_Handler
 .text.DebugMon_Handler
                0x08003f86        0xe ./Core/Src/stm32h7xx_it.o
                0x08003f86                DebugMon_Handler
 .text.PendSV_Handler
                0x08003f94        0xe ./Core/Src/stm32h7xx_it.o
                0x08003f94                PendSV_Handler
 .text.SysTick_Handler
                0x08003fa2        0xc ./Core/Src/stm32h7xx_it.o
                0x08003fa2                SysTick_Handler
 *fill*         0x08003fae        0x2 
 .text.DMA1_Stream1_IRQHandler
                0x08003fb0       0x14 ./Core/Src/stm32h7xx_it.o
                0x08003fb0                DMA1_Stream1_IRQHandler
 .text.DMA1_Stream2_IRQHandler
                0x08003fc4       0x14 ./Core/Src/stm32h7xx_it.o
                0x08003fc4                DMA1_Stream2_IRQHandler
 .text.ADC_IRQHandler
                0x08003fd8       0x1c ./Core/Src/stm32h7xx_it.o
                0x08003fd8                ADC_IRQHandler
 .text.EXTI15_10_IRQHandler
                0x08003ff4       0x18 ./Core/Src/stm32h7xx_it.o
                0x08003ff4                EXTI15_10_IRQHandler
 .text._getpid  0x0800400c       0x10 ./Core/Src/syscalls.o
                0x0800400c                _getpid
 .text._kill    0x0800401c       0x20 ./Core/Src/syscalls.o
                0x0800401c                _kill
 .text._exit    0x0800403c       0x16 ./Core/Src/syscalls.o
                0x0800403c                _exit
 .text._read    0x08004052       0x3a ./Core/Src/syscalls.o
                0x08004052                _read
 .text._write   0x0800408c       0x38 ./Core/Src/syscalls.o
                0x0800408c                _write
 .text._close   0x080040c4       0x18 ./Core/Src/syscalls.o
                0x080040c4                _close
 .text._fstat   0x080040dc       0x20 ./Core/Src/syscalls.o
                0x080040dc                _fstat
 .text._isatty  0x080040fc       0x16 ./Core/Src/syscalls.o
                0x080040fc                _isatty
 .text._lseek   0x08004112       0x1a ./Core/Src/syscalls.o
                0x08004112                _lseek
 .text._sbrk    0x0800412c       0x6c ./Core/Src/sysmem.o
                0x0800412c                _sbrk
 .text.SystemInit
                0x08004198       0xf0 ./Core/Src/system_stm32h7xx.o
                0x08004198                SystemInit
 .text.Reset_Handler
                0x08004288       0x50 ./Core/Startup/startup_stm32h723zgtx.o
                0x08004288                Reset_Handler
 .text.Default_Handler
                0x080042d8        0x2 ./Core/Startup/startup_stm32h723zgtx.o
                0x080042d8                RTC_Alarm_IRQHandler
                0x080042d8                EXTI2_IRQHandler
                0x080042d8                TIM8_CC_IRQHandler
                0x080042d8                UART8_IRQHandler
                0x080042d8                SPI4_IRQHandler
                0x080042d8                FDCAN3_IT0_IRQHandler
                0x080042d8                TIM1_CC_IRQHandler
                0x080042d8                BDMA_Channel6_IRQHandler
                0x080042d8                DMA2_Stream5_IRQHandler
                0x080042d8                DMA1_Stream5_IRQHandler
                0x080042d8                CORDIC_IRQHandler
                0x080042d8                BDMA_Channel1_IRQHandler
                0x080042d8                TAMP_STAMP_IRQHandler
                0x080042d8                EXTI3_IRQHandler
                0x080042d8                LPTIM4_IRQHandler
                0x080042d8                TIM8_TRG_COM_TIM14_IRQHandler
                0x080042d8                LPTIM2_IRQHandler
                0x080042d8                DFSDM1_FLT1_IRQHandler
                0x080042d8                DMAMUX2_OVR_IRQHandler
                0x080042d8                TIM8_UP_TIM13_IRQHandler
                0x080042d8                I2C3_ER_IRQHandler
                0x080042d8                DFSDM1_FLT2_IRQHandler
                0x080042d8                I2C5_EV_IRQHandler
                0x080042d8                USART10_IRQHandler
                0x080042d8                MDMA_IRQHandler
                0x080042d8                LPTIM3_IRQHandler
                0x080042d8                HSEM1_IRQHandler
                0x080042d8                EXTI0_IRQHandler
                0x080042d8                I2C2_EV_IRQHandler
                0x080042d8                FPU_IRQHandler
                0x080042d8                OTG_HS_WKUP_IRQHandler
                0x080042d8                FDCAN1_IT1_IRQHandler
                0x080042d8                LTDC_ER_IRQHandler
                0x080042d8                DMA2_Stream2_IRQHandler
                0x080042d8                SPI1_IRQHandler
                0x080042d8                OCTOSPI1_IRQHandler
                0x080042d8                TIM6_DAC_IRQHandler
                0x080042d8                DMA2_Stream3_IRQHandler
                0x080042d8                OCTOSPI2_IRQHandler
                0x080042d8                DFSDM1_FLT3_IRQHandler
                0x080042d8                TIM23_IRQHandler
                0x080042d8                USART6_IRQHandler
                0x080042d8                TIM17_IRQHandler
                0x080042d8                USART3_IRQHandler
                0x080042d8                BDMA_Channel7_IRQHandler
                0x080042d8                LPTIM5_IRQHandler
                0x080042d8                UART5_IRQHandler
                0x080042d8                ADC3_IRQHandler
                0x080042d8                DMA2_Stream0_IRQHandler
                0x080042d8                TIM4_IRQHandler
                0x080042d8                BDMA_Channel2_IRQHandler
                0x080042d8                I2C1_EV_IRQHandler
                0x080042d8                DMA1_Stream6_IRQHandler
                0x080042d8                DMAMUX1_OVR_IRQHandler
                0x080042d8                TIM16_IRQHandler
                0x080042d8                UART4_IRQHandler
                0x080042d8                BDMA_Channel5_IRQHandler
                0x080042d8                TIM3_IRQHandler
                0x080042d8                RCC_IRQHandler
                0x080042d8                UART9_IRQHandler
                0x080042d8                TIM8_BRK_TIM12_IRQHandler
                0x080042d8                TIM1_TRG_COM_IRQHandler
                0x080042d8                Default_Handler
                0x080042d8                ECC_IRQHandler
                0x080042d8                FMAC_IRQHandler
                0x080042d8                CEC_IRQHandler
                0x080042d8                BDMA_Channel0_IRQHandler
                0x080042d8                I2C5_ER_IRQHandler
                0x080042d8                DMA1_Stream7_IRQHandler
                0x080042d8                SPI5_IRQHandler
                0x080042d8                TIM7_IRQHandler
                0x080042d8                FDCAN3_IT1_IRQHandler
                0x080042d8                SDMMC1_IRQHandler
                0x080042d8                TIM5_IRQHandler
                0x080042d8                DMA2_Stream7_IRQHandler
                0x080042d8                TIM15_IRQHandler
                0x080042d8                PVD_AVD_IRQHandler
                0x080042d8                I2C3_EV_IRQHandler
                0x080042d8                EXTI9_5_IRQHandler
                0x080042d8                RTC_WKUP_IRQHandler
                0x080042d8                LTDC_IRQHandler
                0x080042d8                ETH_WKUP_IRQHandler
                0x080042d8                SPDIF_RX_IRQHandler
                0x080042d8                SPI2_IRQHandler
                0x080042d8                OTG_HS_EP1_IN_IRQHandler
                0x080042d8                DMA1_Stream0_IRQHandler
                0x080042d8                TIM24_IRQHandler
                0x080042d8                CRS_IRQHandler
                0x080042d8                EXTI4_IRQHandler
                0x080042d8                RNG_IRQHandler
                0x080042d8                FDCAN2_IT1_IRQHandler
                0x080042d8                ETH_IRQHandler
                0x080042d8                TIM1_UP_IRQHandler
                0x080042d8                BDMA_Channel4_IRQHandler
                0x080042d8                OTG_HS_EP1_OUT_IRQHandler
                0x080042d8                WWDG_IRQHandler
                0x080042d8                SPI6_IRQHandler
                0x080042d8                MDIOS_IRQHandler
                0x080042d8                I2C4_EV_IRQHandler
                0x080042d8                FDCAN2_IT0_IRQHandler
                0x080042d8                LPUART1_IRQHandler
                0x080042d8                FDCAN1_IT0_IRQHandler
                0x080042d8                TIM2_IRQHandler
                0x080042d8                OTG_HS_IRQHandler
                0x080042d8                DMA2D_IRQHandler
                0x080042d8                TIM1_BRK_IRQHandler
                0x080042d8                EXTI1_IRQHandler
                0x080042d8                SDMMC2_IRQHandler
                0x080042d8                BDMA_Channel3_IRQHandler
                0x080042d8                DTS_IRQHandler
                0x080042d8                UART7_IRQHandler
                0x080042d8                MDIOS_WKUP_IRQHandler
                0x080042d8                USART2_IRQHandler
                0x080042d8                DFSDM1_FLT0_IRQHandler
                0x080042d8                SAI4_IRQHandler
                0x080042d8                I2C2_ER_IRQHandler
                0x080042d8                DMA2_Stream1_IRQHandler
                0x080042d8                FLASH_IRQHandler
                0x080042d8                DMA2_Stream4_IRQHandler
                0x080042d8                USART1_IRQHandler
                0x080042d8                SPI3_IRQHandler
                0x080042d8                WAKEUP_PIN_IRQHandler
                0x080042d8                DMA1_Stream4_IRQHandler
                0x080042d8                I2C1_ER_IRQHandler
                0x080042d8                FMC_IRQHandler
                0x080042d8                FDCAN_CAL_IRQHandler
                0x080042d8                SWPMI1_IRQHandler
                0x080042d8                COMP1_IRQHandler
                0x080042d8                LPTIM1_IRQHandler
                0x080042d8                DCMI_PSSI_IRQHandler
                0x080042d8                I2C4_ER_IRQHandler
                0x080042d8                DMA2_Stream6_IRQHandler
                0x080042d8                SAI1_IRQHandler
                0x080042d8                DMA1_Stream3_IRQHandler
 *fill*         0x080042da        0x2 
 .text.HAL_Init
                0x080042dc       0x78 ./Drivers/STM32H7xx_HAL_Driver/Src/stm32h7xx_hal.o
                0x080042dc                HAL_Init
 .text.HAL_InitTick
                0x08004354       0x6c ./Drivers/STM32H7xx_HAL_Driver/Src/stm32h7xx_hal.o
                0x08004354                HAL_InitTick
 .text.HAL_IncTick
                0x080043c0       0x28 ./Drivers/STM32H7xx_HAL_Driver/Src/stm32h7xx_hal.o
                0x080043c0                HAL_IncTick
 .text.HAL_GetTick
                0x080043e8       0x18 ./Drivers/STM32H7xx_HAL_Driver/Src/stm32h7xx_hal.o
                0x080043e8                HAL_GetTick
 .text.HAL_Delay
                0x08004400       0x48 ./Drivers/STM32H7xx_HAL_Driver/Src/stm32h7xx_hal.o
                0x08004400                HAL_Delay
 .text.HAL_SYSCFG_ETHInterfaceSelect
                0x08004448       0x28 ./Drivers/STM32H7xx_HAL_Driver/Src/stm32h7xx_hal.o
                0x08004448                HAL_SYSCFG_ETHInterfaceSelect
 .text.HAL_SYSCFG_AnalogSwitchConfig
                0x08004470       0x2c ./Drivers/STM32H7xx_HAL_Driver/Src/stm32h7xx_hal.o
                0x08004470                HAL_SYSCFG_AnalogSwitchConfig
 .text.LL_ADC_SetCommonClock
                0x0800449c       0x26 ./Drivers/STM32H7xx_HAL_Driver/Src/stm32h7xx_hal_adc.o
 .text.LL_ADC_SetCommonPathInternalCh
                0x080044c2       0x26 ./Drivers/STM32H7xx_HAL_Driver/Src/stm32h7xx_hal_adc.o
 .text.LL_ADC_GetCommonPathInternalCh
                0x080044e8       0x1c ./Drivers/STM32H7xx_HAL_Driver/Src/stm32h7xx_hal_adc.o
 .text.LL_ADC_SetOffset
                0x08004504       0x64 ./Drivers/STM32H7xx_HAL_Driver/Src/stm32h7xx_hal_adc.o
 .text.LL_ADC_GetOffsetChannel
                0x08004568       0x2c ./Drivers/STM32H7xx_HAL_Driver/Src/stm32h7xx_hal_adc.o
 .text.LL_ADC_SetDataRightShift
                0x08004594       0x32 ./Drivers/STM32H7xx_HAL_Driver/Src/stm32h7xx_hal_adc.o
 *fill*         0x080045c6        0x2 
 .text.LL_ADC_SetOffsetSignedSaturation
                0x080045c8       0x44 ./Drivers/STM32H7xx_HAL_Driver/Src/stm32h7xx_hal_adc.o
 .text.LL_ADC_SetOffsetSaturation
                0x0800460c       0x44 ./Drivers/STM32H7xx_HAL_Driver/Src/stm32h7xx_hal_adc.o
 .text.LL_ADC_SetOffsetSign
                0x08004650       0x44 ./Drivers/STM32H7xx_HAL_Driver/Src/stm32h7xx_hal_adc.o
 .text.LL_ADC_SetOffsetState
                0x08004694       0x54 ./Drivers/STM32H7xx_HAL_Driver/Src/stm32h7xx_hal_adc.o
 .text.LL_ADC_REG_IsTriggerSourceSWStart
                0x080046e8       0x26 ./Drivers/STM32H7xx_HAL_Driver/Src/stm32h7xx_hal_adc.o
 .text.LL_ADC_REG_SetSequencerRanks
                0x0800470e       0x58 ./Drivers/STM32H7xx_HAL_Driver/Src/stm32h7xx_hal_adc.o
 .text.LL_ADC_REG_SetDataTransferMode
                0x08004766       0x26 ./Drivers/STM32H7xx_HAL_Driver/Src/stm32h7xx_hal_adc.o
 .text.LL_ADC_EnableDMAReq
                0x0800478c       0x20 ./Drivers/STM32H7xx_HAL_Driver/Src/stm32h7xx_hal_adc.o
 .text.LL_ADC_REG_SetDMATransferMode
                0x080047ac       0x34 ./Drivers/STM32H7xx_HAL_Driver/Src/stm32h7xx_hal_adc.o
 .text.LL_ADC_INJ_IsTriggerSourceSWStart
                0x080047e0       0x26 ./Drivers/STM32H7xx_HAL_Driver/Src/stm32h7xx_hal_adc.o
 .text.LL_ADC_SetChannelSamplingTime
                0x08004806       0x56 ./Drivers/STM32H7xx_HAL_Driver/Src/stm32h7xx_hal_adc.o
 .text.LL_ADC_SetChannelSingleDiff
                0x0800485c       0x80 ./Drivers/STM32H7xx_HAL_Driver/Src/stm32h7xx_hal_adc.o
 .text.LL_ADC_SetAnalogWDMonitChannels
                0x080048dc       0x5c ./Drivers/STM32H7xx_HAL_Driver/Src/stm32h7xx_hal_adc.o
 .text.LL_ADC_ConfigAnalogWDThresholds
                0x08004938       0xbc ./Drivers/STM32H7xx_HAL_Driver/Src/stm32h7xx_hal_adc.o
 .text.LL_ADC_GetMultimode
                0x080049f4       0x1c ./Drivers/STM32H7xx_HAL_Driver/Src/stm32h7xx_hal_adc.o
 .text.LL_ADC_GetMultiDMATransfer
                0x08004a10       0x1c ./Drivers/STM32H7xx_HAL_Driver/Src/stm32h7xx_hal_adc.o
 .text.LL_ADC_DisableDeepPowerDown
                0x08004a2c       0x24 ./Drivers/STM32H7xx_HAL_Driver/Src/stm32h7xx_hal_adc.o
 .text.LL_ADC_IsDeepPowerDownEnabled
                0x08004a50       0x28 ./Drivers/STM32H7xx_HAL_Driver/Src/stm32h7xx_hal_adc.o
 .text.LL_ADC_EnableInternalRegulator
                0x08004a78       0x28 ./Drivers/STM32H7xx_HAL_Driver/Src/stm32h7xx_hal_adc.o
 .text.LL_ADC_IsInternalRegulatorEnabled
                0x08004aa0       0x28 ./Drivers/STM32H7xx_HAL_Driver/Src/stm32h7xx_hal_adc.o
 .text.LL_ADC_Enable
                0x08004ac8       0x28 ./Drivers/STM32H7xx_HAL_Driver/Src/stm32h7xx_hal_adc.o
 .text.LL_ADC_Disable
                0x08004af0       0x28 ./Drivers/STM32H7xx_HAL_Driver/Src/stm32h7xx_hal_adc.o
 .text.LL_ADC_IsEnabled
                0x08004b18       0x26 ./Drivers/STM32H7xx_HAL_Driver/Src/stm32h7xx_hal_adc.o
 .text.LL_ADC_IsDisableOngoing
                0x08004b3e       0x26 ./Drivers/STM32H7xx_HAL_Driver/Src/stm32h7xx_hal_adc.o
 .text.LL_ADC_REG_StartConversion
                0x08004b64       0x28 ./Drivers/STM32H7xx_HAL_Driver/Src/stm32h7xx_hal_adc.o
 .text.LL_ADC_REG_IsConversionOngoing
                0x08004b8c       0x26 ./Drivers/STM32H7xx_HAL_Driver/Src/stm32h7xx_hal_adc.o
 .text.LL_ADC_INJ_IsConversionOngoing
                0x08004bb2       0x26 ./Drivers/STM32H7xx_HAL_Driver/Src/stm32h7xx_hal_adc.o
 .text.LL_ADC_ClearFlag_AWD1
                0x08004bd8       0x1a ./Drivers/STM32H7xx_HAL_Driver/Src/stm32h7xx_hal_adc.o
 .text.LL_ADC_ClearFlag_AWD2
                0x08004bf2       0x1c ./Drivers/STM32H7xx_HAL_Driver/Src/stm32h7xx_hal_adc.o
 .text.LL_ADC_ClearFlag_AWD3
                0x08004c0e       0x1c ./Drivers/STM32H7xx_HAL_Driver/Src/stm32h7xx_hal_adc.o
 .text.LL_ADC_EnableIT_AWD1
                0x08004c2a       0x20 ./Drivers/STM32H7xx_HAL_Driver/Src/stm32h7xx_hal_adc.o
 .text.LL_ADC_EnableIT_AWD2
                0x08004c4a       0x20 ./Drivers/STM32H7xx_HAL_Driver/Src/stm32h7xx_hal_adc.o
 .text.LL_ADC_EnableIT_AWD3
                0x08004c6a       0x20 ./Drivers/STM32H7xx_HAL_Driver/Src/stm32h7xx_hal_adc.o
 .text.LL_ADC_DisableIT_AWD1
                0x08004c8a       0x20 ./Drivers/STM32H7xx_HAL_Driver/Src/stm32h7xx_hal_adc.o
 .text.LL_ADC_DisableIT_AWD2
                0x08004caa       0x20 ./Drivers/STM32H7xx_HAL_Driver/Src/stm32h7xx_hal_adc.o
 .text.LL_ADC_DisableIT_AWD3
                0x08004cca       0x20 ./Drivers/STM32H7xx_HAL_Driver/Src/stm32h7xx_hal_adc.o
 *fill*         0x08004cea        0x2 
 .text.HAL_ADC_Init
                0x08004cec      0x410 ./Drivers/STM32H7xx_HAL_Driver/Src/stm32h7xx_hal_adc.o
                0x08004cec                HAL_ADC_Init
 .text.HAL_ADC_Start_DMA
                0x080050fc      0x1b8 ./Drivers/STM32H7xx_HAL_Driver/Src/stm32h7xx_hal_adc.o
                0x080050fc                HAL_ADC_Start_DMA
 .text.HAL_ADC_IRQHandler
                0x080052b4      0x474 ./Drivers/STM32H7xx_HAL_Driver/Src/stm32h7xx_hal_adc.o
                0x080052b4                HAL_ADC_IRQHandler
 .text.HAL_ADC_ConvHalfCpltCallback
                0x08005728       0x14 ./Drivers/STM32H7xx_HAL_Driver/Src/stm32h7xx_hal_adc.o
                0x08005728                HAL_ADC_ConvHalfCpltCallback
 .text.HAL_ADC_LevelOutOfWindowCallback
                0x0800573c       0x14 ./Drivers/STM32H7xx_HAL_Driver/Src/stm32h7xx_hal_adc.o
                0x0800573c                HAL_ADC_LevelOutOfWindowCallback
 .text.HAL_ADC_ConfigChannel
                0x08005750      0xa58 ./Drivers/STM32H7xx_HAL_Driver/Src/stm32h7xx_hal_adc.o
                0x08005750                HAL_ADC_ConfigChannel
 .text.HAL_ADC_AnalogWDGConfig
                0x080061a8      0x71c ./Drivers/STM32H7xx_HAL_Driver/Src/stm32h7xx_hal_adc.o
                0x080061a8                HAL_ADC_AnalogWDGConfig
 .text.ADC_Enable
                0x080068c4      0x114 ./Drivers/STM32H7xx_HAL_Driver/Src/stm32h7xx_hal_adc.o
                0x080068c4                ADC_Enable
 .text.ADC_Disable
                0x080069d8       0xbe ./Drivers/STM32H7xx_HAL_Driver/Src/stm32h7xx_hal_adc.o
                0x080069d8                ADC_Disable
 .text.ADC_DMAConvCplt
                0x08006a96       0xd8 ./Drivers/STM32H7xx_HAL_Driver/Src/stm32h7xx_hal_adc.o
                0x08006a96                ADC_DMAConvCplt
 .text.ADC_DMAHalfConvCplt
                0x08006b6e       0x1c ./Drivers/STM32H7xx_HAL_Driver/Src/stm32h7xx_hal_adc.o
                0x08006b6e                ADC_DMAHalfConvCplt
 .text.ADC_DMAError
                0x08006b8a       0x34 ./Drivers/STM32H7xx_HAL_Driver/Src/stm32h7xx_hal_adc.o
                0x08006b8a                ADC_DMAError
 *fill*         0x08006bbe        0x2 
 .text.ADC_ConfigureBoostMode
                0x08006bc0      0x1dc ./Drivers/STM32H7xx_HAL_Driver/Src/stm32h7xx_hal_adc.o
                0x08006bc0                ADC_ConfigureBoostMode
 .text.LL_ADC_IsEnabled
                0x08006d9c       0x26 ./Drivers/STM32H7xx_HAL_Driver/Src/stm32h7xx_hal_adc_ex.o
 *fill*         0x08006dc2        0x2 
 .text.LL_ADC_StartCalibration
                0x08006dc4       0x3c ./Drivers/STM32H7xx_HAL_Driver/Src/stm32h7xx_hal_adc_ex.o
 .text.LL_ADC_IsCalibrationOnGoing
                0x08006e00       0x28 ./Drivers/STM32H7xx_HAL_Driver/Src/stm32h7xx_hal_adc_ex.o
 .text.LL_ADC_REG_StartConversion
                0x08006e28       0x28 ./Drivers/STM32H7xx_HAL_Driver/Src/stm32h7xx_hal_adc_ex.o
 .text.LL_ADC_REG_IsConversionOngoing
                0x08006e50       0x26 ./Drivers/STM32H7xx_HAL_Driver/Src/stm32h7xx_hal_adc_ex.o
 *fill*         0x08006e76        0x2 
 .text.HAL_ADCEx_Calibration_Start
                0x08006e78       0xc8 ./Drivers/STM32H7xx_HAL_Driver/Src/stm32h7xx_hal_adc_ex.o
                0x08006e78                HAL_ADCEx_Calibration_Start
 .text.HAL_ADCEx_MultiModeStart_DMA
                0x08006f40      0x164 ./Drivers/STM32H7xx_HAL_Driver/Src/stm32h7xx_hal_adc_ex.o
                0x08006f40                HAL_ADCEx_MultiModeStart_DMA
 .text.HAL_ADCEx_InjectedConvCpltCallback
                0x080070a4       0x14 ./Drivers/STM32H7xx_HAL_Driver/Src/stm32h7xx_hal_adc_ex.o
                0x080070a4                HAL_ADCEx_InjectedConvCpltCallback
 .text.HAL_ADCEx_InjectedQueueOverflowCallback
                0x080070b8       0x14 ./Drivers/STM32H7xx_HAL_Driver/Src/stm32h7xx_hal_adc_ex.o
                0x080070b8                HAL_ADCEx_InjectedQueueOverflowCallback
 .text.HAL_ADCEx_LevelOutOfWindow2Callback
                0x080070cc       0x14 ./Drivers/STM32H7xx_HAL_Driver/Src/stm32h7xx_hal_adc_ex.o
                0x080070cc                HAL_ADCEx_LevelOutOfWindow2Callback
 .text.HAL_ADCEx_LevelOutOfWindow3Callback
                0x080070e0       0x14 ./Drivers/STM32H7xx_HAL_Driver/Src/stm32h7xx_hal_adc_ex.o
                0x080070e0                HAL_ADCEx_LevelOutOfWindow3Callback
 .text.HAL_ADCEx_EndOfSamplingCallback
                0x080070f4       0x14 ./Drivers/STM32H7xx_HAL_Driver/Src/stm32h7xx_hal_adc_ex.o
                0x080070f4                HAL_ADCEx_EndOfSamplingCallback
 .text.HAL_ADCEx_MultiModeConfigChannel
                0x08007108      0x1c4 ./Drivers/STM32H7xx_HAL_Driver/Src/stm32h7xx_hal_adc_ex.o
                0x08007108                HAL_ADCEx_MultiModeConfigChannel
 .text.HAL_COMP_Init
                0x080072cc      0x254 ./Drivers/STM32H7xx_HAL_Driver/Src/stm32h7xx_hal_comp.o
                0x080072cc                HAL_COMP_Init
 .text.__NVIC_SetPriorityGrouping
                0x08007520       0x48 ./Drivers/STM32H7xx_HAL_Driver/Src/stm32h7xx_hal_cortex.o
 .text.__NVIC_GetPriorityGrouping
                0x08007568       0x1c ./Drivers/STM32H7xx_HAL_Driver/Src/stm32h7xx_hal_cortex.o
 .text.__NVIC_EnableIRQ
                0x08007584       0x3c ./Drivers/STM32H7xx_HAL_Driver/Src/stm32h7xx_hal_cortex.o
 .text.__NVIC_SetPriority
                0x080075c0       0x54 ./Drivers/STM32H7xx_HAL_Driver/Src/stm32h7xx_hal_cortex.o
 .text.NVIC_EncodePriority
                0x08007614       0x66 ./Drivers/STM32H7xx_HAL_Driver/Src/stm32h7xx_hal_cortex.o
 *fill*         0x0800767a        0x2 
 .text.SysTick_Config
                0x0800767c       0x44 ./Drivers/STM32H7xx_HAL_Driver/Src/stm32h7xx_hal_cortex.o
 .text.HAL_NVIC_SetPriorityGrouping
                0x080076c0       0x16 ./Drivers/STM32H7xx_HAL_Driver/Src/stm32h7xx_hal_cortex.o
                0x080076c0                HAL_NVIC_SetPriorityGrouping
 .text.HAL_NVIC_SetPriority
                0x080076d6       0x34 ./Drivers/STM32H7xx_HAL_Driver/Src/stm32h7xx_hal_cortex.o
                0x080076d6                HAL_NVIC_SetPriority
 .text.HAL_NVIC_EnableIRQ
                0x0800770a       0x1c ./Drivers/STM32H7xx_HAL_Driver/Src/stm32h7xx_hal_cortex.o
                0x0800770a                HAL_NVIC_EnableIRQ
 .text.HAL_SYSTICK_Config
                0x08007726       0x18 ./Drivers/STM32H7xx_HAL_Driver/Src/stm32h7xx_hal_cortex.o
                0x08007726                HAL_SYSTICK_Config
 *fill*         0x0800773e        0x2 
 .text.HAL_DMA_Init
                0x08007740      0x6b0 ./Drivers/STM32H7xx_HAL_Driver/Src/stm32h7xx_hal_dma.o
                0x08007740                HAL_DMA_Init
 .text.HAL_DMA_Start_IT
                0x08007df0      0x4d4 ./Drivers/STM32H7xx_HAL_Driver/Src/stm32h7xx_hal_dma.o
                0x08007df0                HAL_DMA_Start_IT
 .text.HAL_DMA_IRQHandler
                0x080082c4      0xe54 ./Drivers/STM32H7xx_HAL_Driver/Src/stm32h7xx_hal_dma.o
                0x080082c4                HAL_DMA_IRQHandler
 .text.DMA_SetConfig
                0x08009118      0x358 ./Drivers/STM32H7xx_HAL_Driver/Src/stm32h7xx_hal_dma.o
 .text.DMA_CalcBaseAndBitshift
                0x08009470      0x164 ./Drivers/STM32H7xx_HAL_Driver/Src/stm32h7xx_hal_dma.o
 .text.DMA_CheckFifoParam
                0x080095d4       0xf8 ./Drivers/STM32H7xx_HAL_Driver/Src/stm32h7xx_hal_dma.o
 .text.DMA_CalcDMAMUXChannelBaseAndMask
                0x080096cc      0x134 ./Drivers/STM32H7xx_HAL_Driver/Src/stm32h7xx_hal_dma.o
 .text.DMA_CalcDMAMUXRequestGenBaseAndMask
                0x08009800       0xe8 ./Drivers/STM32H7xx_HAL_Driver/Src/stm32h7xx_hal_dma.o
 .text.HAL_ETH_Init
                0x080098e8      0x1cc ./Drivers/STM32H7xx_HAL_Driver/Src/stm32h7xx_hal_eth.o
                0x080098e8                HAL_ETH_Init
 .text.HAL_ETH_SetMDIOClockRange
                0x08009ab4       0xb0 ./Drivers/STM32H7xx_HAL_Driver/Src/stm32h7xx_hal_eth.o
                0x08009ab4                HAL_ETH_SetMDIOClockRange
 .text.ETH_SetMACConfig
                0x08009b64      0x238 ./Drivers/STM32H7xx_HAL_Driver/Src/stm32h7xx_hal_eth.o
 .text.ETH_SetDMAConfig
                0x08009d9c      0x10c ./Drivers/STM32H7xx_HAL_Driver/Src/stm32h7xx_hal_eth.o
 .text.ETH_MACDMAConfig
                0x08009ea8      0x13a ./Drivers/STM32H7xx_HAL_Driver/Src/stm32h7xx_hal_eth.o
 .text.ETH_DMATxDescListInit
                0x08009fe2       0x92 ./Drivers/STM32H7xx_HAL_Driver/Src/stm32h7xx_hal_eth.o
 .text.ETH_DMARxDescListInit
                0x0800a074       0xba ./Drivers/STM32H7xx_HAL_Driver/Src/stm32h7xx_hal_eth.o
 *fill*         0x0800a12e        0x2 
 .text.HAL_FLASH_Program
                0x0800a130       0xdc ./Drivers/STM32H7xx_HAL_Driver/Src/stm32h7xx_hal_flash.o
                0x0800a130                HAL_FLASH_Program
 .text.HAL_FLASH_Unlock
                0x0800a20c       0x44 ./Drivers/STM32H7xx_HAL_Driver/Src/stm32h7xx_hal_flash.o
                0x0800a20c                HAL_FLASH_Unlock
 .text.HAL_FLASH_Lock
                0x0800a250       0x30 ./Drivers/STM32H7xx_HAL_Driver/Src/stm32h7xx_hal_flash.o
                0x0800a250                HAL_FLASH_Lock
 .text.HAL_FLASH_GetError
                0x0800a280       0x18 ./Drivers/STM32H7xx_HAL_Driver/Src/stm32h7xx_hal_flash.o
                0x0800a280                HAL_FLASH_GetError
 .text.FLASH_WaitForLastOperation
                0x0800a298       0xac ./Drivers/STM32H7xx_HAL_Driver/Src/stm32h7xx_hal_flash.o
                0x0800a298                FLASH_WaitForLastOperation
 .text.HAL_FLASHEx_Erase
                0x0800a344      0x118 ./Drivers/STM32H7xx_HAL_Driver/Src/stm32h7xx_hal_flash_ex.o
                0x0800a344                HAL_FLASHEx_Erase
 .text.FLASH_MassErase
                0x0800a45c       0x48 ./Drivers/STM32H7xx_HAL_Driver/Src/stm32h7xx_hal_flash_ex.o
 .text.FLASH_Erase_Sector
                0x0800a4a4       0x48 ./Drivers/STM32H7xx_HAL_Driver/Src/stm32h7xx_hal_flash_ex.o
                0x0800a4a4                FLASH_Erase_Sector
 .text.HAL_GPIO_Init
                0x0800a4ec      0x350 ./Drivers/STM32H7xx_HAL_Driver/Src/stm32h7xx_hal_gpio.o
                0x0800a4ec                HAL_GPIO_Init
 .text.HAL_GPIO_ReadPin
                0x0800a83c       0x30 ./Drivers/STM32H7xx_HAL_Driver/Src/stm32h7xx_hal_gpio.o
                0x0800a83c                HAL_GPIO_ReadPin
 .text.HAL_GPIO_WritePin
                0x0800a86c       0x32 ./Drivers/STM32H7xx_HAL_Driver/Src/stm32h7xx_hal_gpio.o
                0x0800a86c                HAL_GPIO_WritePin
 .text.HAL_GPIO_EXTI_IRQHandler
                0x0800a89e       0x34 ./Drivers/STM32H7xx_HAL_Driver/Src/stm32h7xx_hal_gpio.o
                0x0800a89e                HAL_GPIO_EXTI_IRQHandler
 *fill*         0x0800a8d2        0x2 
 .text.HAL_PWREx_ConfigSupply
                0x0800a8d4       0x74 ./Drivers/STM32H7xx_HAL_Driver/Src/stm32h7xx_hal_pwr_ex.o
                0x0800a8d4                HAL_PWREx_ConfigSupply
 .text.HAL_RCC_OscConfig
                0x0800a948      0x7b4 ./Drivers/STM32H7xx_HAL_Driver/Src/stm32h7xx_hal_rcc.o
                0x0800a948                HAL_RCC_OscConfig
 .text.HAL_RCC_ClockConfig
                0x0800b0fc      0x36c ./Drivers/STM32H7xx_HAL_Driver/Src/stm32h7xx_hal_rcc.o
                0x0800b0fc                HAL_RCC_ClockConfig
 .text.HAL_RCC_GetSysClockFreq
                0x0800b468      0x2f4 ./Drivers/STM32H7xx_HAL_Driver/Src/stm32h7xx_hal_rcc.o
                0x0800b468                HAL_RCC_GetSysClockFreq
 .text.HAL_RCC_GetHCLKFreq
                0x0800b75c       0x60 ./Drivers/STM32H7xx_HAL_Driver/Src/stm32h7xx_hal_rcc.o
                0x0800b75c                HAL_RCC_GetHCLKFreq
 .text.HAL_RCC_GetPCLK1Freq
                0x0800b7bc       0x2c ./Drivers/STM32H7xx_HAL_Driver/Src/stm32h7xx_hal_rcc.o
                0x0800b7bc                HAL_RCC_GetPCLK1Freq
 .text.HAL_RCC_GetPCLK2Freq
                0x0800b7e8       0x2c ./Drivers/STM32H7xx_HAL_Driver/Src/stm32h7xx_hal_rcc.o
                0x0800b7e8                HAL_RCC_GetPCLK2Freq
 .text.HAL_RCCEx_PeriphCLKConfig
                0x0800b814     0x1340 ./Drivers/STM32H7xx_HAL_Driver/Src/stm32h7xx_hal_rcc_ex.o
                0x0800b814                HAL_RCCEx_PeriphCLKConfig
 .text.HAL_RCCEx_GetPeriphCLKFreq
                0x0800cb54      0x9a4 ./Drivers/STM32H7xx_HAL_Driver/Src/stm32h7xx_hal_rcc_ex.o
                0x0800cb54                HAL_RCCEx_GetPeriphCLKFreq
 .text.HAL_RCCEx_GetD3PCLK1Freq
                0x0800d4f8       0x2c ./Drivers/STM32H7xx_HAL_Driver/Src/stm32h7xx_hal_rcc_ex.o
                0x0800d4f8                HAL_RCCEx_GetD3PCLK1Freq
 .text.HAL_RCCEx_GetPLL2ClockFreq
                0x0800d524      0x2a8 ./Drivers/STM32H7xx_HAL_Driver/Src/stm32h7xx_hal_rcc_ex.o
                0x0800d524                HAL_RCCEx_GetPLL2ClockFreq
 .text.HAL_RCCEx_GetPLL3ClockFreq
                0x0800d7cc      0x2a8 ./Drivers/STM32H7xx_HAL_Driver/Src/stm32h7xx_hal_rcc_ex.o
                0x0800d7cc                HAL_RCCEx_GetPLL3ClockFreq
 .text.HAL_RCCEx_GetPLL1ClockFreq
                0x0800da74      0x2a4 ./Drivers/STM32H7xx_HAL_Driver/Src/stm32h7xx_hal_rcc_ex.o
                0x0800da74                HAL_RCCEx_GetPLL1ClockFreq
 .text.RCCEx_PLL2_Config
                0x0800dd18      0x164 ./Drivers/STM32H7xx_HAL_Driver/Src/stm32h7xx_hal_rcc_ex.o
 .text.RCCEx_PLL3_Config
                0x0800de7c      0x164 ./Drivers/STM32H7xx_HAL_Driver/Src/stm32h7xx_hal_rcc_ex.o
 .text.HAL_TIM_PWM_Init
                0x0800dfe0       0xae ./Drivers/STM32H7xx_HAL_Driver/Src/stm32h7xx_hal_tim.o
                0x0800dfe0                HAL_TIM_PWM_Init
 *fill*         0x0800e08e        0x2 
 .text.HAL_TIM_PWM_Start
                0x0800e090      0x238 ./Drivers/STM32H7xx_HAL_Driver/Src/stm32h7xx_hal_tim.o
                0x0800e090                HAL_TIM_PWM_Start
 .text.HAL_TIM_PWM_Stop
                0x0800e2c8      0x12c ./Drivers/STM32H7xx_HAL_Driver/Src/stm32h7xx_hal_tim.o
                0x0800e2c8                HAL_TIM_PWM_Stop
 .text.HAL_TIM_IC_Init
                0x0800e3f4       0xae ./Drivers/STM32H7xx_HAL_Driver/Src/stm32h7xx_hal_tim.o
                0x0800e3f4                HAL_TIM_IC_Init
 .text.HAL_TIM_IC_ConfigChannel
                0x0800e4a2      0x138 ./Drivers/STM32H7xx_HAL_Driver/Src/stm32h7xx_hal_tim.o
                0x0800e4a2                HAL_TIM_IC_ConfigChannel
 *fill*         0x0800e5da        0x2 
 .text.HAL_TIM_PWM_ConfigChannel
                0x0800e5dc      0x228 ./Drivers/STM32H7xx_HAL_Driver/Src/stm32h7xx_hal_tim.o
                0x0800e5dc                HAL_TIM_PWM_ConfigChannel
 .text.TIM_Base_SetConfig
                0x0800e804      0x14c ./Drivers/STM32H7xx_HAL_Driver/Src/stm32h7xx_hal_tim.o
                0x0800e804                TIM_Base_SetConfig
 .text.TIM_OC1_SetConfig
                0x0800e950      0x120 ./Drivers/STM32H7xx_HAL_Driver/Src/stm32h7xx_hal_tim.o
 .text.TIM_OC2_SetConfig
                0x0800ea70      0x114 ./Drivers/STM32H7xx_HAL_Driver/Src/stm32h7xx_hal_tim.o
                0x0800ea70                TIM_OC2_SetConfig
 .text.TIM_OC3_SetConfig
                0x0800eb84      0x110 ./Drivers/STM32H7xx_HAL_Driver/Src/stm32h7xx_hal_tim.o
 .text.TIM_OC4_SetConfig
                0x0800ec94       0xd4 ./Drivers/STM32H7xx_HAL_Driver/Src/stm32h7xx_hal_tim.o
 .text.TIM_OC5_SetConfig
                0x0800ed68       0xc8 ./Drivers/STM32H7xx_HAL_Driver/Src/stm32h7xx_hal_tim.o
 .text.TIM_OC6_SetConfig
                0x0800ee30       0xcc ./Drivers/STM32H7xx_HAL_Driver/Src/stm32h7xx_hal_tim.o
 .text.TIM_TI1_SetConfig
                0x0800eefc      0x100 ./Drivers/STM32H7xx_HAL_Driver/Src/stm32h7xx_hal_tim.o
                0x0800eefc                TIM_TI1_SetConfig
 .text.TIM_TI2_SetConfig
                0x0800effc       0x7a ./Drivers/STM32H7xx_HAL_Driver/Src/stm32h7xx_hal_tim.o
 .text.TIM_TI3_SetConfig
                0x0800f076       0x78 ./Drivers/STM32H7xx_HAL_Driver/Src/stm32h7xx_hal_tim.o
 .text.TIM_TI4_SetConfig
                0x0800f0ee       0x7a ./Drivers/STM32H7xx_HAL_Driver/Src/stm32h7xx_hal_tim.o
 .text.TIM_CCxChannelCmd
                0x0800f168       0x4a ./Drivers/STM32H7xx_HAL_Driver/Src/stm32h7xx_hal_tim.o
                0x0800f168                TIM_CCxChannelCmd
 *fill*         0x0800f1b2        0x2 
 .text.HAL_TIMEx_PWMN_Start
                0x0800f1b4      0x1a0 ./Drivers/STM32H7xx_HAL_Driver/Src/stm32h7xx_hal_tim_ex.o
                0x0800f1b4                HAL_TIMEx_PWMN_Start
 .text.HAL_TIMEx_PWMN_Stop
                0x0800f354       0xba ./Drivers/STM32H7xx_HAL_Driver/Src/stm32h7xx_hal_tim_ex.o
                0x0800f354                HAL_TIMEx_PWMN_Stop
 *fill*         0x0800f40e        0x2 
 .text.HAL_TIMEx_MasterConfigSynchronization
                0x0800f410      0x138 ./Drivers/STM32H7xx_HAL_Driver/Src/stm32h7xx_hal_tim_ex.o
                0x0800f410                HAL_TIMEx_MasterConfigSynchronization
 .text.HAL_TIMEx_ConfigBreakDeadTime
                0x0800f548      0x140 ./Drivers/STM32H7xx_HAL_Driver/Src/stm32h7xx_hal_tim_ex.o
                0x0800f548                HAL_TIMEx_ConfigBreakDeadTime
 .text.TIM_CCxNChannelCmd
                0x0800f688       0x4a ./Drivers/STM32H7xx_HAL_Driver/Src/stm32h7xx_hal_tim_ex.o
 .text.HAL_UART_Init
                0x0800f6d2       0xa0 ./Drivers/STM32H7xx_HAL_Driver/Src/stm32h7xx_hal_uart.o
                0x0800f6d2                HAL_UART_Init
 .text.HAL_UART_Transmit
                0x0800f772      0x11c ./Drivers/STM32H7xx_HAL_Driver/Src/stm32h7xx_hal_uart.o
                0x0800f772                HAL_UART_Transmit
 .text.HAL_UART_Receive
                0x0800f88e      0x190 ./Drivers/STM32H7xx_HAL_Driver/Src/stm32h7xx_hal_uart.o
                0x0800f88e                HAL_UART_Receive
 *fill*         0x0800fa1e        0x2 
 .text.UART_SetConfig
                0x0800fa20      0xcd8 ./Drivers/STM32H7xx_HAL_Driver/Src/stm32h7xx_hal_uart.o
                0x0800fa20                UART_SetConfig
 .text.UART_AdvFeatureConfig
                0x080106f8      0x144 ./Drivers/STM32H7xx_HAL_Driver/Src/stm32h7xx_hal_uart.o
                0x080106f8                UART_AdvFeatureConfig
 .text.UART_CheckIdleState
                0x0801083c      0x154 ./Drivers/STM32H7xx_HAL_Driver/Src/stm32h7xx_hal_uart.o
                0x0801083c                UART_CheckIdleState
 .text.UART_WaitOnFlagUntilTimeout
                0x08010990       0xce ./Drivers/STM32H7xx_HAL_Driver/Src/stm32h7xx_hal_uart.o
                0x08010990                UART_WaitOnFlagUntilTimeout
 *fill*         0x08010a5e        0x2 
 .text.UART_EndRxTransfer
                0x08010a60       0xcc ./Drivers/STM32H7xx_HAL_Driver/Src/stm32h7xx_hal_uart.o
 .text.HAL_UARTEx_DisableFifoMode
                0x08010b2c       0x72 ./Drivers/STM32H7xx_HAL_Driver/Src/stm32h7xx_hal_uart_ex.o
                0x08010b2c                HAL_UARTEx_DisableFifoMode
 .text.HAL_UARTEx_SetTxFifoThreshold
                0x08010b9e       0x7c ./Drivers/STM32H7xx_HAL_Driver/Src/stm32h7xx_hal_uart_ex.o
                0x08010b9e                HAL_UARTEx_SetTxFifoThreshold
 .text.HAL_UARTEx_SetRxFifoThreshold
                0x08010c1a       0x7c ./Drivers/STM32H7xx_HAL_Driver/Src/stm32h7xx_hal_uart_ex.o
                0x08010c1a                HAL_UARTEx_SetRxFifoThreshold
 *fill*         0x08010c96        0x2 
 .text.UARTEx_SetNbDataToProcess
                0x08010c98       0x9c ./Drivers/STM32H7xx_HAL_Driver/Src/stm32h7xx_hal_uart_ex.o
 .text.atoi     0x08010d34        0x8 /opt/st/stm32cubeide_1.16.1/plugins/com.st.stm32cube.ide.mcu.externaltools.gnu-tools-for-stm32.12.3.rel1.linux64_1.0.200.202406132123/tools/bin/../lib/gcc/arm-none-eabi/12.3.1/../../../../arm-none-eabi/lib/thumb/v7e-m+dp/hard/libc_nano.a(libc_a-atoi.o)
                0x08010d34                atoi
 .text.__itoa   0x08010d3c       0x30 /opt/st/stm32cubeide_1.16.1/plugins/com.st.stm32cube.ide.mcu.externaltools.gnu-tools-for-stm32.12.3.rel1.linux64_1.0.200.202406132123/tools/bin/../lib/gcc/arm-none-eabi/12.3.1/../../../../arm-none-eabi/lib/thumb/v7e-m+dp/hard/libc_nano.a(libc_a-itoa.o)
                0x08010d3c                __itoa
 .text.itoa     0x08010d6c        0x4 /opt/st/stm32cubeide_1.16.1/plugins/com.st.stm32cube.ide.mcu.externaltools.gnu-tools-for-stm32.12.3.rel1.linux64_1.0.200.202406132123/tools/bin/../lib/gcc/arm-none-eabi/12.3.1/../../../../arm-none-eabi/lib/thumb/v7e-m+dp/hard/libc_nano.a(libc_a-itoa.o)
                0x08010d6c                itoa
 .text._strtol_l.constprop.0
                0x08010d70       0xf4 /opt/st/stm32cubeide_1.16.1/plugins/com.st.stm32cube.ide.mcu.externaltools.gnu-tools-for-stm32.12.3.rel1.linux64_1.0.200.202406132123/tools/bin/../lib/gcc/arm-none-eabi/12.3.1/../../../../arm-none-eabi/lib/thumb/v7e-m+dp/hard/libc_nano.a(libc_a-strtol.o)
 .text.strtol   0x08010e64       0x14 /opt/st/stm32cubeide_1.16.1/plugins/com.st.stm32cube.ide.mcu.externaltools.gnu-tools-for-stm32.12.3.rel1.linux64_1.0.200.202406132123/tools/bin/../lib/gcc/arm-none-eabi/12.3.1/../../../../arm-none-eabi/lib/thumb/v7e-m+dp/hard/libc_nano.a(libc_a-strtol.o)
                0x08010e64                strtol
 .text.__utoa   0x08010e78       0x84 /opt/st/stm32cubeide_1.16.1/plugins/com.st.stm32cube.ide.mcu.externaltools.gnu-tools-for-stm32.12.3.rel1.linux64_1.0.200.202406132123/tools/bin/../lib/gcc/arm-none-eabi/12.3.1/../../../../arm-none-eabi/lib/thumb/v7e-m+dp/hard/libc_nano.a(libc_a-utoa.o)
                0x08010e78                __utoa
 .text.__cvt    0x08010efc       0xa8 /opt/st/stm32cubeide_1.16.1/plugins/com.st.stm32cube.ide.mcu.externaltools.gnu-tools-for-stm32.12.3.rel1.linux64_1.0.200.202406132123/tools/bin/../lib/gcc/arm-none-eabi/12.3.1/../../../../arm-none-eabi/lib/thumb/v7e-m+dp/hard/libc_nano.a(libc_a-nano-vfprintf_float.o)
                0x08010efc                __cvt
 .text.__exponent
                0x08010fa4       0x74 /opt/st/stm32cubeide_1.16.1/plugins/com.st.stm32cube.ide.mcu.externaltools.gnu-tools-for-stm32.12.3.rel1.linux64_1.0.200.202406132123/tools/bin/../lib/gcc/arm-none-eabi/12.3.1/../../../../arm-none-eabi/lib/thumb/v7e-m+dp/hard/libc_nano.a(libc_a-nano-vfprintf_float.o)
                0x08010fa4                __exponent
 .text._printf_float
                0x08011018      0x434 /opt/st/stm32cubeide_1.16.1/plugins/com.st.stm32cube.ide.mcu.externaltools.gnu-tools-for-stm32.12.3.rel1.linux64_1.0.200.202406132123/tools/bin/../lib/gcc/arm-none-eabi/12.3.1/../../../../arm-none-eabi/lib/thumb/v7e-m+dp/hard/libc_nano.a(libc_a-nano-vfprintf_float.o)
                0x08011018                _printf_float
 .text._printf_common
                0x0801144c       0xda /opt/st/stm32cubeide_1.16.1/plugins/com.st.stm32cube.ide.mcu.externaltools.gnu-tools-for-stm32.12.3.rel1.linux64_1.0.200.202406132123/tools/bin/../lib/gcc/arm-none-eabi/12.3.1/../../../../arm-none-eabi/lib/thumb/v7e-m+dp/hard/libc_nano.a(libc_a-nano-vfprintf_i.o)
                0x0801144c                _printf_common
 *fill*         0x08011526        0x2 
 .text._printf_i
                0x08011528      0x240 /opt/st/stm32cubeide_1.16.1/plugins/com.st.stm32cube.ide.mcu.externaltools.gnu-tools-for-stm32.12.3.rel1.linux64_1.0.200.202406132123/tools/bin/../lib/gcc/arm-none-eabi/12.3.1/../../../../arm-none-eabi/lib/thumb/v7e-m+dp/hard/libc_nano.a(libc_a-nano-vfprintf_i.o)
                0x08011528                _printf_i
 .text.std      0x08011768       0x6c /opt/st/stm32cubeide_1.16.1/plugins/com.st.stm32cube.ide.mcu.externaltools.gnu-tools-for-stm32.12.3.rel1.linux64_1.0.200.202406132123/tools/bin/../lib/gcc/arm-none-eabi/12.3.1/../../../../arm-none-eabi/lib/thumb/v7e-m+dp/hard/libc_nano.a(libc_a-findfp.o)
 .text.stdio_exit_handler
                0x080117d4       0x18 /opt/st/stm32cubeide_1.16.1/plugins/com.st.stm32cube.ide.mcu.externaltools.gnu-tools-for-stm32.12.3.rel1.linux64_1.0.200.202406132123/tools/bin/../lib/gcc/arm-none-eabi/12.3.1/../../../../arm-none-eabi/lib/thumb/v7e-m+dp/hard/libc_nano.a(libc_a-findfp.o)
 .text.cleanup_stdio
                0x080117ec       0x40 /opt/st/stm32cubeide_1.16.1/plugins/com.st.stm32cube.ide.mcu.externaltools.gnu-tools-for-stm32.12.3.rel1.linux64_1.0.200.202406132123/tools/bin/../lib/gcc/arm-none-eabi/12.3.1/../../../../arm-none-eabi/lib/thumb/v7e-m+dp/hard/libc_nano.a(libc_a-findfp.o)
 .text.global_stdio_init.part.0
                0x0801182c       0x3c /opt/st/stm32cubeide_1.16.1/plugins/com.st.stm32cube.ide.mcu.externaltools.gnu-tools-for-stm32.12.3.rel1.linux64_1.0.200.202406132123/tools/bin/../lib/gcc/arm-none-eabi/12.3.1/../../../../arm-none-eabi/lib/thumb/v7e-m+dp/hard/libc_nano.a(libc_a-findfp.o)
 .text.__sfp_lock_acquire
                0x08011868        0xc /opt/st/stm32cubeide_1.16.1/plugins/com.st.stm32cube.ide.mcu.externaltools.gnu-tools-for-stm32.12.3.rel1.linux64_1.0.200.202406132123/tools/bin/../lib/gcc/arm-none-eabi/12.3.1/../../../../arm-none-eabi/lib/thumb/v7e-m+dp/hard/libc_nano.a(libc_a-findfp.o)
                0x08011868                __sfp_lock_acquire
 .text.__sfp_lock_release
                0x08011874        0xc /opt/st/stm32cubeide_1.16.1/plugins/com.st.stm32cube.ide.mcu.externaltools.gnu-tools-for-stm32.12.3.rel1.linux64_1.0.200.202406132123/tools/bin/../lib/gcc/arm-none-eabi/12.3.1/../../../../arm-none-eabi/lib/thumb/v7e-m+dp/hard/libc_nano.a(libc_a-findfp.o)
                0x08011874                __sfp_lock_release
 .text.__sinit  0x08011880       0x30 /opt/st/stm32cubeide_1.16.1/plugins/com.st.stm32cube.ide.mcu.externaltools.gnu-tools-for-stm32.12.3.rel1.linux64_1.0.200.202406132123/tools/bin/../lib/gcc/arm-none-eabi/12.3.1/../../../../arm-none-eabi/lib/thumb/v7e-m+dp/hard/libc_nano.a(libc_a-findfp.o)
                0x08011880                __sinit
 .text._fwalk_sglue
                0x080118b0       0x3c /opt/st/stm32cubeide_1.16.1/plugins/com.st.stm32cube.ide.mcu.externaltools.gnu-tools-for-stm32.12.3.rel1.linux64_1.0.200.202406132123/tools/bin/../lib/gcc/arm-none-eabi/12.3.1/../../../../arm-none-eabi/lib/thumb/v7e-m+dp/hard/libc_nano.a(libc_a-fwalk.o)
                0x080118b0                _fwalk_sglue
 .text.sprintf  0x080118ec       0x40 /opt/st/stm32cubeide_1.16.1/plugins/com.st.stm32cube.ide.mcu.externaltools.gnu-tools-for-stm32.12.3.rel1.linux64_1.0.200.202406132123/tools/bin/../lib/gcc/arm-none-eabi/12.3.1/../../../../arm-none-eabi/lib/thumb/v7e-m+dp/hard/libc_nano.a(libc_a-sprintf.o)
                0x080118ec                sprintf
                0x080118ec                siprintf
 .text.__sread  0x0801192c       0x22 /opt/st/stm32cubeide_1.16.1/plugins/com.st.stm32cube.ide.mcu.externaltools.gnu-tools-for-stm32.12.3.rel1.linux64_1.0.200.202406132123/tools/bin/../lib/gcc/arm-none-eabi/12.3.1/../../../../arm-none-eabi/lib/thumb/v7e-m+dp/hard/libc_nano.a(libc_a-stdio.o)
                0x0801192c                __sread
 .text.__swrite
                0x0801194e       0x38 /opt/st/stm32cubeide_1.16.1/plugins/com.st.stm32cube.ide.mcu.externaltools.gnu-tools-for-stm32.12.3.rel1.linux64_1.0.200.202406132123/tools/bin/../lib/gcc/arm-none-eabi/12.3.1/../../../../arm-none-eabi/lib/thumb/v7e-m+dp/hard/libc_nano.a(libc_a-stdio.o)
                0x0801194e                __swrite
 .text.__sseek  0x08011986       0x24 /opt/st/stm32cubeide_1.16.1/plugins/com.st.stm32cube.ide.mcu.externaltools.gnu-tools-for-stm32.12.3.rel1.linux64_1.0.200.202406132123/tools/bin/../lib/gcc/arm-none-eabi/12.3.1/../../../../arm-none-eabi/lib/thumb/v7e-m+dp/hard/libc_nano.a(libc_a-stdio.o)
                0x08011986                __sseek
 .text.__sclose
                0x080119aa        0x8 /opt/st/stm32cubeide_1.16.1/plugins/com.st.stm32cube.ide.mcu.externaltools.gnu-tools-for-stm32.12.3.rel1.linux64_1.0.200.202406132123/tools/bin/../lib/gcc/arm-none-eabi/12.3.1/../../../../arm-none-eabi/lib/thumb/v7e-m+dp/hard/libc_nano.a(libc_a-stdio.o)
                0x080119aa                __sclose
 .text.memset   0x080119b2       0x10 /opt/st/stm32cubeide_1.16.1/plugins/com.st.stm32cube.ide.mcu.externaltools.gnu-tools-for-stm32.12.3.rel1.linux64_1.0.200.202406132123/tools/bin/../lib/gcc/arm-none-eabi/12.3.1/../../../../arm-none-eabi/lib/thumb/v7e-m+dp/hard/libc_nano.a(libc_a-memset.o)
                0x080119b2                memset
 .text.strcat   0x080119c2       0x1e /opt/st/stm32cubeide_1.16.1/plugins/com.st.stm32cube.ide.mcu.externaltools.gnu-tools-for-stm32.12.3.rel1.linux64_1.0.200.202406132123/tools/bin/../lib/gcc/arm-none-eabi/12.3.1/../../../../arm-none-eabi/lib/thumb/v7e-m+dp/hard/libc_nano.a(libc_a-strcat.o)
                0x080119c2                strcat
 .text._localeconv_r
                0x080119e0        0x8 /opt/st/stm32cubeide_1.16.1/plugins/com.st.stm32cube.ide.mcu.externaltools.gnu-tools-for-stm32.12.3.rel1.linux64_1.0.200.202406132123/tools/bin/../lib/gcc/arm-none-eabi/12.3.1/../../../../arm-none-eabi/lib/thumb/v7e-m+dp/hard/libc_nano.a(libc_a-localeconv.o)
                0x080119e0                _localeconv_r
 .text._close_r
                0x080119e8       0x20 /opt/st/stm32cubeide_1.16.1/plugins/com.st.stm32cube.ide.mcu.externaltools.gnu-tools-for-stm32.12.3.rel1.linux64_1.0.200.202406132123/tools/bin/../lib/gcc/arm-none-eabi/12.3.1/../../../../arm-none-eabi/lib/thumb/v7e-m+dp/hard/libc_nano.a(libc_a-closer.o)
                0x080119e8                _close_r
 .text._lseek_r
                0x08011a08       0x24 /opt/st/stm32cubeide_1.16.1/plugins/com.st.stm32cube.ide.mcu.externaltools.gnu-tools-for-stm32.12.3.rel1.linux64_1.0.200.202406132123/tools/bin/../lib/gcc/arm-none-eabi/12.3.1/../../../../arm-none-eabi/lib/thumb/v7e-m+dp/hard/libc_nano.a(libc_a-lseekr.o)
                0x08011a08                _lseek_r
 .text._read_r  0x08011a2c       0x24 /opt/st/stm32cubeide_1.16.1/plugins/com.st.stm32cube.ide.mcu.externaltools.gnu-tools-for-stm32.12.3.rel1.linux64_1.0.200.202406132123/tools/bin/../lib/gcc/arm-none-eabi/12.3.1/../../../../arm-none-eabi/lib/thumb/v7e-m+dp/hard/libc_nano.a(libc_a-readr.o)
                0x08011a2c                _read_r
 .text._write_r
                0x08011a50       0x24 /opt/st/stm32cubeide_1.16.1/plugins/com.st.stm32cube.ide.mcu.externaltools.gnu-tools-for-stm32.12.3.rel1.linux64_1.0.200.202406132123/tools/bin/../lib/gcc/arm-none-eabi/12.3.1/../../../../arm-none-eabi/lib/thumb/v7e-m+dp/hard/libc_nano.a(libc_a-writer.o)
                0x08011a50                _write_r
 .text.__errno  0x08011a74        0xc /opt/st/stm32cubeide_1.16.1/plugins/com.st.stm32cube.ide.mcu.externaltools.gnu-tools-for-stm32.12.3.rel1.linux64_1.0.200.202406132123/tools/bin/../lib/gcc/arm-none-eabi/12.3.1/../../../../arm-none-eabi/lib/thumb/v7e-m+dp/hard/libc_nano.a(libc_a-errno.o)
                0x08011a74                __errno
 .text.__libc_init_array
                0x08011a80       0x48 /opt/st/stm32cubeide_1.16.1/plugins/com.st.stm32cube.ide.mcu.externaltools.gnu-tools-for-stm32.12.3.rel1.linux64_1.0.200.202406132123/tools/bin/../lib/gcc/arm-none-eabi/12.3.1/../../../../arm-none-eabi/lib/thumb/v7e-m+dp/hard/libc_nano.a(libc_a-init.o)
                0x08011a80                __libc_init_array
 .text.__retarget_lock_init_recursive
                0x08011ac8        0x2 /opt/st/stm32cubeide_1.16.1/plugins/com.st.stm32cube.ide.mcu.externaltools.gnu-tools-for-stm32.12.3.rel1.linux64_1.0.200.202406132123/tools/bin/../lib/gcc/arm-none-eabi/12.3.1/../../../../arm-none-eabi/lib/thumb/v7e-m+dp/hard/libc_nano.a(libc_a-lock.o)
                0x08011ac8                __retarget_lock_init_recursive
 .text.__retarget_lock_acquire_recursive
                0x08011aca        0x2 /opt/st/stm32cubeide_1.16.1/plugins/com.st.stm32cube.ide.mcu.externaltools.gnu-tools-for-stm32.12.3.rel1.linux64_1.0.200.202406132123/tools/bin/../lib/gcc/arm-none-eabi/12.3.1/../../../../arm-none-eabi/lib/thumb/v7e-m+dp/hard/libc_nano.a(libc_a-lock.o)
                0x08011aca                __retarget_lock_acquire_recursive
 .text.__retarget_lock_release_recursive
                0x08011acc        0x2 /opt/st/stm32cubeide_1.16.1/plugins/com.st.stm32cube.ide.mcu.externaltools.gnu-tools-for-stm32.12.3.rel1.linux64_1.0.200.202406132123/tools/bin/../lib/gcc/arm-none-eabi/12.3.1/../../../../arm-none-eabi/lib/thumb/v7e-m+dp/hard/libc_nano.a(libc_a-lock.o)
                0x08011acc                __retarget_lock_release_recursive
 .text.strcpy   0x08011ace       0x10 /opt/st/stm32cubeide_1.16.1/plugins/com.st.stm32cube.ide.mcu.externaltools.gnu-tools-for-stm32.12.3.rel1.linux64_1.0.200.202406132123/tools/bin/../lib/gcc/arm-none-eabi/12.3.1/../../../../arm-none-eabi/lib/thumb/v7e-m+dp/hard/libc_nano.a(libc_a-strcpy.o)
                0x08011ace                strcpy
 .text.quorem   0x08011ade      0x110 /opt/st/stm32cubeide_1.16.1/plugins/com.st.stm32cube.ide.mcu.externaltools.gnu-tools-for-stm32.12.3.rel1.linux64_1.0.200.202406132123/tools/bin/../lib/gcc/arm-none-eabi/12.3.1/../../../../arm-none-eabi/lib/thumb/v7e-m+dp/hard/libc_nano.a(libc_a-dtoa.o)
 *fill*         0x08011bee        0x2 
 .text._dtoa_r  0x08011bf0      0xaac /opt/st/stm32cubeide_1.16.1/plugins/com.st.stm32cube.ide.mcu.externaltools.gnu-tools-for-stm32.12.3.rel1.linux64_1.0.200.202406132123/tools/bin/../lib/gcc/arm-none-eabi/12.3.1/../../../../arm-none-eabi/lib/thumb/v7e-m+dp/hard/libc_nano.a(libc_a-dtoa.o)
                0x08011bf0                _dtoa_r
 .text._free_r  0x0801269c       0x94 /opt/st/stm32cubeide_1.16.1/plugins/com.st.stm32cube.ide.mcu.externaltools.gnu-tools-for-stm32.12.3.rel1.linux64_1.0.200.202406132123/tools/bin/../lib/gcc/arm-none-eabi/12.3.1/../../../../arm-none-eabi/lib/thumb/v7e-m+dp/hard/libc_nano.a(libc_a-freer.o)
                0x0801269c                _free_r
 .text.malloc   0x08012730       0x10 /opt/st/stm32cubeide_1.16.1/plugins/com.st.stm32cube.ide.mcu.externaltools.gnu-tools-for-stm32.12.3.rel1.linux64_1.0.200.202406132123/tools/bin/../lib/gcc/arm-none-eabi/12.3.1/../../../../arm-none-eabi/lib/thumb/v7e-m+dp/hard/libc_nano.a(libc_a-malloc.o)
                0x08012730                malloc
 .text.sbrk_aligned
                0x08012740       0x44 /opt/st/stm32cubeide_1.16.1/plugins/com.st.stm32cube.ide.mcu.externaltools.gnu-tools-for-stm32.12.3.rel1.linux64_1.0.200.202406132123/tools/bin/../lib/gcc/arm-none-eabi/12.3.1/../../../../arm-none-eabi/lib/thumb/v7e-m+dp/hard/libc_nano.a(libc_a-mallocr.o)
 .text._malloc_r
                0x08012784      0x100 /opt/st/stm32cubeide_1.16.1/plugins/com.st.stm32cube.ide.mcu.externaltools.gnu-tools-for-stm32.12.3.rel1.linux64_1.0.200.202406132123/tools/bin/../lib/gcc/arm-none-eabi/12.3.1/../../../../arm-none-eabi/lib/thumb/v7e-m+dp/hard/libc_nano.a(libc_a-mallocr.o)
                0x08012784                _malloc_r
 .text.__malloc_lock
                0x08012884        0xc /opt/st/stm32cubeide_1.16.1/plugins/com.st.stm32cube.ide.mcu.externaltools.gnu-tools-for-stm32.12.3.rel1.linux64_1.0.200.202406132123/tools/bin/../lib/gcc/arm-none-eabi/12.3.1/../../../../arm-none-eabi/lib/thumb/v7e-m+dp/hard/libc_nano.a(libc_a-mlock.o)
                0x08012884                __malloc_lock
 .text.__malloc_unlock
                0x08012890        0xc /opt/st/stm32cubeide_1.16.1/plugins/com.st.stm32cube.ide.mcu.externaltools.gnu-tools-for-stm32.12.3.rel1.linux64_1.0.200.202406132123/tools/bin/../lib/gcc/arm-none-eabi/12.3.1/../../../../arm-none-eabi/lib/thumb/v7e-m+dp/hard/libc_nano.a(libc_a-mlock.o)
                0x08012890                __malloc_unlock
 .text._Balloc  0x0801289c       0x80 /opt/st/stm32cubeide_1.16.1/plugins/com.st.stm32cube.ide.mcu.externaltools.gnu-tools-for-stm32.12.3.rel1.linux64_1.0.200.202406132123/tools/bin/../lib/gcc/arm-none-eabi/12.3.1/../../../../arm-none-eabi/lib/thumb/v7e-m+dp/hard/libc_nano.a(libc_a-mprec.o)
                0x0801289c                _Balloc
 .text._Bfree   0x0801291c       0x44 /opt/st/stm32cubeide_1.16.1/plugins/com.st.stm32cube.ide.mcu.externaltools.gnu-tools-for-stm32.12.3.rel1.linux64_1.0.200.202406132123/tools/bin/../lib/gcc/arm-none-eabi/12.3.1/../../../../arm-none-eabi/lib/thumb/v7e-m+dp/hard/libc_nano.a(libc_a-mprec.o)
                0x0801291c                _Bfree
 .text.__multadd
                0x08012960       0x8c /opt/st/stm32cubeide_1.16.1/plugins/com.st.stm32cube.ide.mcu.externaltools.gnu-tools-for-stm32.12.3.rel1.linux64_1.0.200.202406132123/tools/bin/../lib/gcc/arm-none-eabi/12.3.1/../../../../arm-none-eabi/lib/thumb/v7e-m+dp/hard/libc_nano.a(libc_a-mprec.o)
                0x08012960                __multadd
 .text.__hi0bits
                0x080129ec       0x3e /opt/st/stm32cubeide_1.16.1/plugins/com.st.stm32cube.ide.mcu.externaltools.gnu-tools-for-stm32.12.3.rel1.linux64_1.0.200.202406132123/tools/bin/../lib/gcc/arm-none-eabi/12.3.1/../../../../arm-none-eabi/lib/thumb/v7e-m+dp/hard/libc_nano.a(libc_a-mprec.o)
                0x080129ec                __hi0bits
 .text.__lo0bits
                0x08012a2a       0x5a /opt/st/stm32cubeide_1.16.1/plugins/com.st.stm32cube.ide.mcu.externaltools.gnu-tools-for-stm32.12.3.rel1.linux64_1.0.200.202406132123/tools/bin/../lib/gcc/arm-none-eabi/12.3.1/../../../../arm-none-eabi/lib/thumb/v7e-m+dp/hard/libc_nano.a(libc_a-mprec.o)
                0x08012a2a                __lo0bits
 .text.__i2b    0x08012a84       0x2c /opt/st/stm32cubeide_1.16.1/plugins/com.st.stm32cube.ide.mcu.externaltools.gnu-tools-for-stm32.12.3.rel1.linux64_1.0.200.202406132123/tools/bin/../lib/gcc/arm-none-eabi/12.3.1/../../../../arm-none-eabi/lib/thumb/v7e-m+dp/hard/libc_nano.a(libc_a-mprec.o)
                0x08012a84                __i2b
 .text.__multiply
                0x08012ab0      0x154 /opt/st/stm32cubeide_1.16.1/plugins/com.st.stm32cube.ide.mcu.externaltools.gnu-tools-for-stm32.12.3.rel1.linux64_1.0.200.202406132123/tools/bin/../lib/gcc/arm-none-eabi/12.3.1/../../../../arm-none-eabi/lib/thumb/v7e-m+dp/hard/libc_nano.a(libc_a-mprec.o)
                0x08012ab0                __multiply
 .text.__pow5mult
                0x08012c04       0xb4 /opt/st/stm32cubeide_1.16.1/plugins/com.st.stm32cube.ide.mcu.externaltools.gnu-tools-for-stm32.12.3.rel1.linux64_1.0.200.202406132123/tools/bin/../lib/gcc/arm-none-eabi/12.3.1/../../../../arm-none-eabi/lib/thumb/v7e-m+dp/hard/libc_nano.a(libc_a-mprec.o)
                0x08012c04                __pow5mult
 .text.__lshift
                0x08012cb8       0xd8 /opt/st/stm32cubeide_1.16.1/plugins/com.st.stm32cube.ide.mcu.externaltools.gnu-tools-for-stm32.12.3.rel1.linux64_1.0.200.202406132123/tools/bin/../lib/gcc/arm-none-eabi/12.3.1/../../../../arm-none-eabi/lib/thumb/v7e-m+dp/hard/libc_nano.a(libc_a-mprec.o)
                0x08012cb8                __lshift
 .text.__mcmp   0x08012d90       0x36 /opt/st/stm32cubeide_1.16.1/plugins/com.st.stm32cube.ide.mcu.externaltools.gnu-tools-for-stm32.12.3.rel1.linux64_1.0.200.202406132123/tools/bin/../lib/gcc/arm-none-eabi/12.3.1/../../../../arm-none-eabi/lib/thumb/v7e-m+dp/hard/libc_nano.a(libc_a-mprec.o)
                0x08012d90                __mcmp
 *fill*         0x08012dc6        0x2 
 .text.__mdiff  0x08012dc8      0x128 /opt/st/stm32cubeide_1.16.1/plugins/com.st.stm32cube.ide.mcu.externaltools.gnu-tools-for-stm32.12.3.rel1.linux64_1.0.200.202406132123/tools/bin/../lib/gcc/arm-none-eabi/12.3.1/../../../../arm-none-eabi/lib/thumb/v7e-m+dp/hard/libc_nano.a(libc_a-mprec.o)
                0x08012dc8                __mdiff
 .text.__d2b    0x08012ef0       0xb0 /opt/st/stm32cubeide_1.16.1/plugins/com.st.stm32cube.ide.mcu.externaltools.gnu-tools-for-stm32.12.3.rel1.linux64_1.0.200.202406132123/tools/bin/../lib/gcc/arm-none-eabi/12.3.1/../../../../arm-none-eabi/lib/thumb/v7e-m+dp/hard/libc_nano.a(libc_a-mprec.o)
                0x08012ef0                __d2b
 .text.__ssputs_r
                0x08012fa0       0xb6 /opt/st/stm32cubeide_1.16.1/plugins/com.st.stm32cube.ide.mcu.externaltools.gnu-tools-for-stm32.12.3.rel1.linux64_1.0.200.202406132123/tools/bin/../lib/gcc/arm-none-eabi/12.3.1/../../../../arm-none-eabi/lib/thumb/v7e-m+dp/hard/libc_nano.a(libc_a-nano-svfprintf.o)
                0x08012fa0                __ssputs_r
 *fill*         0x08013056        0x2 
 .text._svfprintf_r
                0x08013058      0x1f8 /opt/st/stm32cubeide_1.16.1/plugins/com.st.stm32cube.ide.mcu.externaltools.gnu-tools-for-stm32.12.3.rel1.linux64_1.0.200.202406132123/tools/bin/../lib/gcc/arm-none-eabi/12.3.1/../../../../arm-none-eabi/lib/thumb/v7e-m+dp/hard/libc_nano.a(libc_a-nano-svfprintf.o)
                0x08013058                _svfprintf_r
                0x08013058                _svfiprintf_r
 .text.__sflush_r
                0x08013250      0x108 /opt/st/stm32cubeide_1.16.1/plugins/com.st.stm32cube.ide.mcu.externaltools.gnu-tools-for-stm32.12.3.rel1.linux64_1.0.200.202406132123/tools/bin/../lib/gcc/arm-none-eabi/12.3.1/../../../../arm-none-eabi/lib/thumb/v7e-m+dp/hard/libc_nano.a(libc_a-fflush.o)
                0x08013250                __sflush_r
 .text._fflush_r
                0x08013358       0x50 /opt/st/stm32cubeide_1.16.1/plugins/com.st.stm32cube.ide.mcu.externaltools.gnu-tools-for-stm32.12.3.rel1.linux64_1.0.200.202406132123/tools/bin/../lib/gcc/arm-none-eabi/12.3.1/../../../../arm-none-eabi/lib/thumb/v7e-m+dp/hard/libc_nano.a(libc_a-fflush.o)
                0x08013358                _fflush_r
 .text.memmove  0x080133a8       0x34 /opt/st/stm32cubeide_1.16.1/plugins/com.st.stm32cube.ide.mcu.externaltools.gnu-tools-for-stm32.12.3.rel1.linux64_1.0.200.202406132123/tools/bin/../lib/gcc/arm-none-eabi/12.3.1/../../../../arm-none-eabi/lib/thumb/v7e-m+dp/hard/libc_nano.a(libc_a-memmove.o)
                0x080133a8                memmove
 .text._sbrk_r  0x080133dc       0x20 /opt/st/stm32cubeide_1.16.1/plugins/com.st.stm32cube.ide.mcu.externaltools.gnu-tools-for-stm32.12.3.rel1.linux64_1.0.200.202406132123/tools/bin/../lib/gcc/arm-none-eabi/12.3.1/../../../../arm-none-eabi/lib/thumb/v7e-m+dp/hard/libc_nano.a(libc_a-sbrkr.o)
                0x080133dc                _sbrk_r
 .text.memcpy   0x080133fc       0x1c /opt/st/stm32cubeide_1.16.1/plugins/com.st.stm32cube.ide.mcu.externaltools.gnu-tools-for-stm32.12.3.rel1.linux64_1.0.200.202406132123/tools/bin/../lib/gcc/arm-none-eabi/12.3.1/../../../../arm-none-eabi/lib/thumb/v7e-m+dp/hard/libc_nano.a(libc_a-memcpy-stub.o)
                0x080133fc                memcpy
 .text.__assert_func
                0x08013418       0x3c /opt/st/stm32cubeide_1.16.1/plugins/com.st.stm32cube.ide.mcu.externaltools.gnu-tools-for-stm32.12.3.rel1.linux64_1.0.200.202406132123/tools/bin/../lib/gcc/arm-none-eabi/12.3.1/../../../../arm-none-eabi/lib/thumb/v7e-m+dp/hard/libc_nano.a(libc_a-assert.o)
                0x08013418                __assert_func
 .text._calloc_r
                0x08013454       0x28 /opt/st/stm32cubeide_1.16.1/plugins/com.st.stm32cube.ide.mcu.externaltools.gnu-tools-for-stm32.12.3.rel1.linux64_1.0.200.202406132123/tools/bin/../lib/gcc/arm-none-eabi/12.3.1/../../../../arm-none-eabi/lib/thumb/v7e-m+dp/hard/libc_nano.a(libc_a-callocr.o)
                0x08013454                _calloc_r
 .text.__ascii_mbtowc
                0x0801347c       0x24 /opt/st/stm32cubeide_1.16.1/plugins/com.st.stm32cube.ide.mcu.externaltools.gnu-tools-for-stm32.12.3.rel1.linux64_1.0.200.202406132123/tools/bin/../lib/gcc/arm-none-eabi/12.3.1/../../../../arm-none-eabi/lib/thumb/v7e-m+dp/hard/libc_nano.a(libc_a-mbtowc_r.o)
                0x0801347c                __ascii_mbtowc
 .text._realloc_r
                0x080134a0       0x5c /opt/st/stm32cubeide_1.16.1/plugins/com.st.stm32cube.ide.mcu.externaltools.gnu-tools-for-stm32.12.3.rel1.linux64_1.0.200.202406132123/tools/bin/../lib/gcc/arm-none-eabi/12.3.1/../../../../arm-none-eabi/lib/thumb/v7e-m+dp/hard/libc_nano.a(libc_a-reallocr.o)
                0x080134a0                _realloc_r
 .text.__ascii_wctomb
                0x080134fc       0x1a /opt/st/stm32cubeide_1.16.1/plugins/com.st.stm32cube.ide.mcu.externaltools.gnu-tools-for-stm32.12.3.rel1.linux64_1.0.200.202406132123/tools/bin/../lib/gcc/arm-none-eabi/12.3.1/../../../../arm-none-eabi/lib/thumb/v7e-m+dp/hard/libc_nano.a(libc_a-wctomb_r.o)
                0x080134fc                __ascii_wctomb
 *fill*         0x08013516        0x2 
 .text.fprintf  0x08013518       0x24 /opt/st/stm32cubeide_1.16.1/plugins/com.st.stm32cube.ide.mcu.externaltools.gnu-tools-for-stm32.12.3.rel1.linux64_1.0.200.202406132123/tools/bin/../lib/gcc/arm-none-eabi/12.3.1/../../../../arm-none-eabi/lib/thumb/v7e-m+dp/hard/libc_nano.a(libc_a-fprintf.o)
                0x08013518                fprintf
                0x08013518                fiprintf
 .text.abort    0x0801353c        0xe /opt/st/stm32cubeide_1.16.1/plugins/com.st.stm32cube.ide.mcu.externaltools.gnu-tools-for-stm32.12.3.rel1.linux64_1.0.200.202406132123/tools/bin/../lib/gcc/arm-none-eabi/12.3.1/../../../../arm-none-eabi/lib/thumb/v7e-m+dp/hard/libc_nano.a(libc_a-abort.o)
                0x0801353c                abort
 .text._malloc_usable_size_r
                0x0801354a       0x10 /opt/st/stm32cubeide_1.16.1/plugins/com.st.stm32cube.ide.mcu.externaltools.gnu-tools-for-stm32.12.3.rel1.linux64_1.0.200.202406132123/tools/bin/../lib/gcc/arm-none-eabi/12.3.1/../../../../arm-none-eabi/lib/thumb/v7e-m+dp/hard/libc_nano.a(libc_a-msizer.o)
                0x0801354a                _malloc_usable_size_r
 .text.__sfputc_r
                0x0801355a       0x2e /opt/st/stm32cubeide_1.16.1/plugins/com.st.stm32cube.ide.mcu.externaltools.gnu-tools-for-stm32.12.3.rel1.linux64_1.0.200.202406132123/tools/bin/../lib/gcc/arm-none-eabi/12.3.1/../../../../arm-none-eabi/lib/thumb/v7e-m+dp/hard/libc_nano.a(libc_a-nano-vfprintf.o)
 .text.__sfputs_r
                0x08013588       0x24 /opt/st/stm32cubeide_1.16.1/plugins/com.st.stm32cube.ide.mcu.externaltools.gnu-tools-for-stm32.12.3.rel1.linux64_1.0.200.202406132123/tools/bin/../lib/gcc/arm-none-eabi/12.3.1/../../../../arm-none-eabi/lib/thumb/v7e-m+dp/hard/libc_nano.a(libc_a-nano-vfprintf.o)
                0x08013588                __sfputs_r
 .text._vfprintf_r
                0x080135ac      0x230 /opt/st/stm32cubeide_1.16.1/plugins/com.st.stm32cube.ide.mcu.externaltools.gnu-tools-for-stm32.12.3.rel1.linux64_1.0.200.202406132123/tools/bin/../lib/gcc/arm-none-eabi/12.3.1/../../../../arm-none-eabi/lib/thumb/v7e-m+dp/hard/libc_nano.a(libc_a-nano-vfprintf.o)
                0x080135ac                _vfiprintf_r
                0x080135ac                _vfprintf_r
 .text.__swbuf_r
                0x080137dc       0x7c /opt/st/stm32cubeide_1.16.1/plugins/com.st.stm32cube.ide.mcu.externaltools.gnu-tools-for-stm32.12.3.rel1.linux64_1.0.200.202406132123/tools/bin/../lib/gcc/arm-none-eabi/12.3.1/../../../../arm-none-eabi/lib/thumb/v7e-m+dp/hard/libc_nano.a(libc_a-wbuf.o)
                0x080137dc                __swbuf_r
 .text.__swsetup_r
                0x08013858       0xac /opt/st/stm32cubeide_1.16.1/plugins/com.st.stm32cube.ide.mcu.externaltools.gnu-tools-for-stm32.12.3.rel1.linux64_1.0.200.202406132123/tools/bin/../lib/gcc/arm-none-eabi/12.3.1/../../../../arm-none-eabi/lib/thumb/v7e-m+dp/hard/libc_nano.a(libc_a-wsetup.o)
                0x08013858                __swsetup_r
 .text._raise_r
                0x08013904       0x50 /opt/st/stm32cubeide_1.16.1/plugins/com.st.stm32cube.ide.mcu.externaltools.gnu-tools-for-stm32.12.3.rel1.linux64_1.0.200.202406132123/tools/bin/../lib/gcc/arm-none-eabi/12.3.1/../../../../arm-none-eabi/lib/thumb/v7e-m+dp/hard/libc_nano.a(libc_a-signal.o)
                0x08013904                _raise_r
 .text.raise    0x08013954       0x10 /opt/st/stm32cubeide_1.16.1/plugins/com.st.stm32cube.ide.mcu.externaltools.gnu-tools-for-stm32.12.3.rel1.linux64_1.0.200.202406132123/tools/bin/../lib/gcc/arm-none-eabi/12.3.1/../../../../arm-none-eabi/lib/thumb/v7e-m+dp/hard/libc_nano.a(libc_a-signal.o)
                0x08013954                raise
 .text._kill_r  0x08013964       0x24 /opt/st/stm32cubeide_1.16.1/plugins/com.st.stm32cube.ide.mcu.externaltools.gnu-tools-for-stm32.12.3.rel1.linux64_1.0.200.202406132123/tools/bin/../lib/gcc/arm-none-eabi/12.3.1/../../../../arm-none-eabi/lib/thumb/v7e-m+dp/hard/libc_nano.a(libc_a-signalr.o)
                0x08013964                _kill_r
 .text._getpid_r
                0x08013988        0x4 /opt/st/stm32cubeide_1.16.1/plugins/com.st.stm32cube.ide.mcu.externaltools.gnu-tools-for-stm32.12.3.rel1.linux64_1.0.200.202406132123/tools/bin/../lib/gcc/arm-none-eabi/12.3.1/../../../../arm-none-eabi/lib/thumb/v7e-m+dp/hard/libc_nano.a(libc_a-signalr.o)
                0x08013988                _getpid_r
 .text.__swhatbuf_r
                0x0801398c       0x4c /opt/st/stm32cubeide_1.16.1/plugins/com.st.stm32cube.ide.mcu.externaltools.gnu-tools-for-stm32.12.3.rel1.linux64_1.0.200.202406132123/tools/bin/../lib/gcc/arm-none-eabi/12.3.1/../../../../arm-none-eabi/lib/thumb/v7e-m+dp/hard/libc_nano.a(libc_a-makebuf.o)
                0x0801398c                __swhatbuf_r
 .text.__smakebuf_r
                0x080139d8       0x78 /opt/st/stm32cubeide_1.16.1/plugins/com.st.stm32cube.ide.mcu.externaltools.gnu-tools-for-stm32.12.3.rel1.linux64_1.0.200.202406132123/tools/bin/../lib/gcc/arm-none-eabi/12.3.1/../../../../arm-none-eabi/lib/thumb/v7e-m+dp/hard/libc_nano.a(libc_a-makebuf.o)
                0x080139d8                __smakebuf_r
 .text._fstat_r
                0x08013a50       0x24 /opt/st/stm32cubeide_1.16.1/plugins/com.st.stm32cube.ide.mcu.externaltools.gnu-tools-for-stm32.12.3.rel1.linux64_1.0.200.202406132123/tools/bin/../lib/gcc/arm-none-eabi/12.3.1/../../../../arm-none-eabi/lib/thumb/v7e-m+dp/hard/libc_nano.a(libc_a-fstatr.o)
                0x08013a50                _fstat_r
 .text._isatty_r
                0x08013a74       0x20 /opt/st/stm32cubeide_1.16.1/plugins/com.st.stm32cube.ide.mcu.externaltools.gnu-tools-for-stm32.12.3.rel1.linux64_1.0.200.202406132123/tools/bin/../lib/gcc/arm-none-eabi/12.3.1/../../../../arm-none-eabi/lib/thumb/v7e-m+dp/hard/libc_nano.a(libc_a-isattyr.o)
                0x08013a74                _isatty_r
 *(.glue_7)
 .glue_7        0x08013a94        0x0 linker stubs
 *(.glue_7t)
 .glue_7t       0x08013a94        0x0 linker stubs
 *(.eh_frame)
 .eh_frame      0x08013a94        0x0 /opt/st/stm32cubeide_1.16.1/plugins/com.st.stm32cube.ide.mcu.externaltools.gnu-tools-for-stm32.12.3.rel1.linux64_1.0.200.202406132123/tools/bin/../lib/gcc/arm-none-eabi/12.3.1/thumb/v7e-m+dp/hard/crtbegin.o
 *(.init)
 .init          0x08013a94        0x4 /opt/st/stm32cubeide_1.16.1/plugins/com.st.stm32cube.ide.mcu.externaltools.gnu-tools-for-stm32.12.3.rel1.linux64_1.0.200.202406132123/tools/bin/../lib/gcc/arm-none-eabi/12.3.1/thumb/v7e-m+dp/hard/crti.o
                0x08013a94                _init
 .init          0x08013a98        0x8 /opt/st/stm32cubeide_1.16.1/plugins/com.st.stm32cube.ide.mcu.externaltools.gnu-tools-for-stm32.12.3.rel1.linux64_1.0.200.202406132123/tools/bin/../lib/gcc/arm-none-eabi/12.3.1/thumb/v7e-m+dp/hard/crtn.o
 *(.fini)
 .fini          0x08013aa0        0x4 /opt/st/stm32cubeide_1.16.1/plugins/com.st.stm32cube.ide.mcu.externaltools.gnu-tools-for-stm32.12.3.rel1.linux64_1.0.200.202406132123/tools/bin/../lib/gcc/arm-none-eabi/12.3.1/thumb/v7e-m+dp/hard/crti.o
                0x08013aa0                _fini
 .fini          0x08013aa4        0x8 /opt/st/stm32cubeide_1.16.1/plugins/com.st.stm32cube.ide.mcu.externaltools.gnu-tools-for-stm32.12.3.rel1.linux64_1.0.200.202406132123/tools/bin/../lib/gcc/arm-none-eabi/12.3.1/thumb/v7e-m+dp/hard/crtn.o
                0x08013aac                        . = ALIGN (0x4)
                0x08013aac                        _etext = .

.vfp11_veneer   0x08013aac        0x0
 .vfp11_veneer  0x08013aac        0x0 linker stubs

.v4_bx          0x08013aac        0x0
 .v4_bx         0x08013aac        0x0 linker stubs

.iplt           0x08013aac        0x0
 .iplt          0x08013aac        0x0 /opt/st/stm32cubeide_1.16.1/plugins/com.st.stm32cube.ide.mcu.externaltools.gnu-tools-for-stm32.12.3.rel1.linux64_1.0.200.202406132123/tools/bin/../lib/gcc/arm-none-eabi/12.3.1/thumb/v7e-m+dp/hard/crtbegin.o

.rodata         0x08013ab0      0xce0
                0x08013ab0                        . = ALIGN (0x4)
 *(.rodata)
 .rodata        0x08013ab0      0x907 ./Core/Src/PlasmaDriver.o
 *(.rodata*)
 *fill*         0x080143b7        0x1 
 .rodata.D1CorePrescTable
                0x080143b8       0x10 ./Core/Src/system_stm32h7xx.o
                0x080143b8                D1CorePrescTable
 .rodata.flagBitshiftOffset.0
                0x080143c8        0x8 ./Drivers/STM32H7xx_HAL_Driver/Src/stm32h7xx_hal_dma.o
 .rodata.UARTPrescTable
                0x080143d0       0x18 ./Drivers/STM32H7xx_HAL_Driver/Src/stm32h7xx_hal_uart.o
                0x080143d0                UARTPrescTable
 .rodata.numerator.1
                0x080143e8        0x8 ./Drivers/STM32H7xx_HAL_Driver/Src/stm32h7xx_hal_uart_ex.o
 .rodata.denominator.0
                0x080143f0        0x8 ./Drivers/STM32H7xx_HAL_Driver/Src/stm32h7xx_hal_uart_ex.o
 .rodata.__utoa.str1.1
                0x080143f8       0x25 /opt/st/stm32cubeide_1.16.1/plugins/com.st.stm32cube.ide.mcu.externaltools.gnu-tools-for-stm32.12.3.rel1.linux64_1.0.200.202406132123/tools/bin/../lib/gcc/arm-none-eabi/12.3.1/../../../../arm-none-eabi/lib/thumb/v7e-m+dp/hard/libc_nano.a(libc_a-utoa.o)
 .rodata._ctype_
                0x0801441d      0x101 /opt/st/stm32cubeide_1.16.1/plugins/com.st.stm32cube.ide.mcu.externaltools.gnu-tools-for-stm32.12.3.rel1.linux64_1.0.200.202406132123/tools/bin/../lib/gcc/arm-none-eabi/12.3.1/../../../../arm-none-eabi/lib/thumb/v7e-m+dp/hard/libc_nano.a(libc_a-ctype_.o)
                0x0801441d                _ctype_
 .rodata._printf_float.str1.1
                0x0801451e       0x12 /opt/st/stm32cubeide_1.16.1/plugins/com.st.stm32cube.ide.mcu.externaltools.gnu-tools-for-stm32.12.3.rel1.linux64_1.0.200.202406132123/tools/bin/../lib/gcc/arm-none-eabi/12.3.1/../../../../arm-none-eabi/lib/thumb/v7e-m+dp/hard/libc_nano.a(libc_a-nano-vfprintf_float.o)
 .rodata._printf_i.str1.1
                0x08014530       0x22 /opt/st/stm32cubeide_1.16.1/plugins/com.st.stm32cube.ide.mcu.externaltools.gnu-tools-for-stm32.12.3.rel1.linux64_1.0.200.202406132123/tools/bin/../lib/gcc/arm-none-eabi/12.3.1/../../../../arm-none-eabi/lib/thumb/v7e-m+dp/hard/libc_nano.a(libc_a-nano-vfprintf_i.o)
 .rodata._dtoa_r.str1.1
                0x08014552       0x8d /opt/st/stm32cubeide_1.16.1/plugins/com.st.stm32cube.ide.mcu.externaltools.gnu-tools-for-stm32.12.3.rel1.linux64_1.0.200.202406132123/tools/bin/../lib/gcc/arm-none-eabi/12.3.1/../../../../arm-none-eabi/lib/thumb/v7e-m+dp/hard/libc_nano.a(libc_a-dtoa.o)
                                 0x8f (size before relaxing)
 .rodata._Balloc.str1.1
                0x080145df       0x59 /opt/st/stm32cubeide_1.16.1/plugins/com.st.stm32cube.ide.mcu.externaltools.gnu-tools-for-stm32.12.3.rel1.linux64_1.0.200.202406132123/tools/bin/../lib/gcc/arm-none-eabi/12.3.1/../../../../arm-none-eabi/lib/thumb/v7e-m+dp/hard/libc_nano.a(libc_a-mprec.o)
                                 0x70 (size before relaxing)
 .rodata.__multadd.str1.1
                0x08014638       0x11 /opt/st/stm32cubeide_1.16.1/plugins/com.st.stm32cube.ide.mcu.externaltools.gnu-tools-for-stm32.12.3.rel1.linux64_1.0.200.202406132123/tools/bin/../lib/gcc/arm-none-eabi/12.3.1/../../../../arm-none-eabi/lib/thumb/v7e-m+dp/hard/libc_nano.a(libc_a-mprec.o)
 .rodata.p05.0  0x08014638        0xc /opt/st/stm32cubeide_1.16.1/plugins/com.st.stm32cube.ide.mcu.externaltools.gnu-tools-for-stm32.12.3.rel1.linux64_1.0.200.202406132123/tools/bin/../lib/gcc/arm-none-eabi/12.3.1/../../../../arm-none-eabi/lib/thumb/v7e-m+dp/hard/libc_nano.a(libc_a-mprec.o)
 *fill*         0x08014644        0x4 
 .rodata.__mprec_bigtens
                0x08014648       0x28 /opt/st/stm32cubeide_1.16.1/plugins/com.st.stm32cube.ide.mcu.externaltools.gnu-tools-for-stm32.12.3.rel1.linux64_1.0.200.202406132123/tools/bin/../lib/gcc/arm-none-eabi/12.3.1/../../../../arm-none-eabi/lib/thumb/v7e-m+dp/hard/libc_nano.a(libc_a-mprec.o)
                0x08014648                __mprec_bigtens
 .rodata.__mprec_tens
                0x08014670       0xc8 /opt/st/stm32cubeide_1.16.1/plugins/com.st.stm32cube.ide.mcu.externaltools.gnu-tools-for-stm32.12.3.rel1.linux64_1.0.200.202406132123/tools/bin/../lib/gcc/arm-none-eabi/12.3.1/../../../../arm-none-eabi/lib/thumb/v7e-m+dp/hard/libc_nano.a(libc_a-mprec.o)
                0x08014670                __mprec_tens
 .rodata._svfprintf_r.str1.1
                0x08014738       0x11 /opt/st/stm32cubeide_1.16.1/plugins/com.st.stm32cube.ide.mcu.externaltools.gnu-tools-for-stm32.12.3.rel1.linux64_1.0.200.202406132123/tools/bin/../lib/gcc/arm-none-eabi/12.3.1/../../../../arm-none-eabi/lib/thumb/v7e-m+dp/hard/libc_nano.a(libc_a-nano-svfprintf.o)
 .rodata._setlocale_r.str1.1
                0x08014749        0x8 /opt/st/stm32cubeide_1.16.1/plugins/com.st.stm32cube.ide.mcu.externaltools.gnu-tools-for-stm32.12.3.rel1.linux64_1.0.200.202406132123/tools/bin/../lib/gcc/arm-none-eabi/12.3.1/../../../../arm-none-eabi/lib/thumb/v7e-m+dp/hard/libc_nano.a(libc_a-locale.o)
                                  0x9 (size before relaxing)
 .rodata.str1.1
                0x08014751        0x2 /opt/st/stm32cubeide_1.16.1/plugins/com.st.stm32cube.ide.mcu.externaltools.gnu-tools-for-stm32.12.3.rel1.linux64_1.0.200.202406132123/tools/bin/../lib/gcc/arm-none-eabi/12.3.1/../../../../arm-none-eabi/lib/thumb/v7e-m+dp/hard/libc_nano.a(libc_a-locale.o)
 .rodata.__assert_func.str1.1
                0x08014753       0x3c /opt/st/stm32cubeide_1.16.1/plugins/com.st.stm32cube.ide.mcu.externaltools.gnu-tools-for-stm32.12.3.rel1.linux64_1.0.200.202406132123/tools/bin/../lib/gcc/arm-none-eabi/12.3.1/../../../../arm-none-eabi/lib/thumb/v7e-m+dp/hard/libc_nano.a(libc_a-assert.o)
                                 0x3d (size before relaxing)
 .rodata._vfprintf_r.str1.1
                0x0801478f       0x11 /opt/st/stm32cubeide_1.16.1/plugins/com.st.stm32cube.ide.mcu.externaltools.gnu-tools-for-stm32.12.3.rel1.linux64_1.0.200.202406132123/tools/bin/../lib/gcc/arm-none-eabi/12.3.1/../../../../arm-none-eabi/lib/thumb/v7e-m+dp/hard/libc_nano.a(libc_a-nano-vfprintf.o)
                0x080147a0                        . = ALIGN (0x4)
 *fill*         0x0801478f        0x1 

.ARM.extab
 *(.ARM.extab* .gnu.linkonce.armextab.*)

.ARM            0x08014790        0x8
                0x08014790                        __exidx_start = .
 *(.ARM.exidx*)
 .ARM.exidx     0x08014790        0x8 /opt/st/stm32cubeide_1.16.1/plugins/com.st.stm32cube.ide.mcu.externaltools.gnu-tools-for-stm32.12.3.rel1.linux64_1.0.200.202406132123/tools/bin/../lib/gcc/arm-none-eabi/12.3.1/../../../../arm-none-eabi/lib/thumb/v7e-m+dp/hard/libc_nano.a(libc_a-memchr.o)
 .ARM.exidx     0x08014798        0x0 /opt/st/stm32cubeide_1.16.1/plugins/com.st.stm32cube.ide.mcu.externaltools.gnu-tools-for-stm32.12.3.rel1.linux64_1.0.200.202406132123/tools/bin/../lib/gcc/arm-none-eabi/12.3.1/../../../../arm-none-eabi/lib/thumb/v7e-m+dp/hard/libc_nano.a(libc_a-strlen.o)
                                  0x8 (size before relaxing)
 .ARM.exidx     0x08014798        0x0 /opt/st/stm32cubeide_1.16.1/plugins/com.st.stm32cube.ide.mcu.externaltools.gnu-tools-for-stm32.12.3.rel1.linux64_1.0.200.202406132123/tools/bin/../lib/gcc/arm-none-eabi/12.3.1/thumb/v7e-m+dp/hard/libgcc.a(_udivmoddi4.o)
                                  0x8 (size before relaxing)
                0x08014798                        __exidx_end = .

.rel.dyn        0x08014798        0x0
 .rel.iplt      0x08014798        0x0 /opt/st/stm32cubeide_1.16.1/plugins/com.st.stm32cube.ide.mcu.externaltools.gnu-tools-for-stm32.12.3.rel1.linux64_1.0.200.202406132123/tools/bin/../lib/gcc/arm-none-eabi/12.3.1/thumb/v7e-m+dp/hard/crtbegin.o

.preinit_array  0x08014798        0x0
                0x08014798                        PROVIDE (__preinit_array_start = .)
 *(.preinit_array*)
                0x08014798                        PROVIDE (__preinit_array_end = .)

.init_array     0x08014798        0x4