../Core/Src/PlasmaDriver.c:1046:13:InitializeMenu	0	static
../Core/Src/PlasmaDriver.c:202:13:printCR	0	static
../Core/Src/PlasmaDriver.c:228:13:printNumber	128	static
../Core/Src/PlasmaDriver.c:208:13:printString	16	static
../Core/Src/PlasmaDriver.c:288:13:printHbridgeData	120	static
../Core/Src/PlasmaDriver.c:162:17:writeConfigFlash	16	static
../Core/Src/PlasmaDriver.c:844:16:GetUint16Input.constprop	136	static
../Core/Src/PlasmaDriver.c:268:6:stopHbridge	32	static
../Core/Src/PlasmaDriver.c:296:13:programHbridge	144	static
../Core/Src/PlasmaDriver.c:464:7:convertADC12data	0	static
../Core/Src/PlasmaDriver.c:514:6:printADC12data.part.0	456	static
../Core/Src/PlasmaDriver.c:514:6:printADC12data	0	static
../Core/Src/PlasmaDriver.c:545:9:freqCorrection	40	static
../Core/Src/PlasmaDriver.c:603:6:measureBridgePlasmaADC12	112	static
../Core/Src/PlasmaDriver.c:688:7:convertADC3data	0	static
../Core/Src/PlasmaDriver.c:743:6:printADC3data	128	static
../Core/Src/PlasmaDriver.c:762:6:measureVoltagesTemperaturesADC3	0	static
../Core/Src/PlasmaDriver.c:635:6:doneMeasuringBridgePlasmaADC12	24	static
../Core/Src/PlasmaDriver.c:775:6:doneMeasuringVoltagesTemperaturesADC3	8	static
../Core/Src/PlasmaDriver.c:868:6:HAL_ADC_ErrorCallback	0	static
../Core/Src/PlasmaDriver.c:882:6:HAL_ADC_ConvCpltCallback	8	static
../Core/Src/PlasmaDriver.c:903:6:PowerOffLowSupplies	8	static
../Core/Src/PlasmaDriver.c:924:6:PowerOffHighSupplies	8	static
../Core/Src/PlasmaDriver.c:943:6:PowerOffSupplies	8	static
../Core/Src/PlasmaDriver.c:951:5:PowerOnLowSupplies	8	static
../Core/Src/PlasmaDriver.c:984:5:PowerOnHighSupplies	8	static
../Core/Src/PlasmaDriver.c:1022:6:HAL_GPIO_EXTI_Callback	0	static
../Core/Src/PlasmaDriver.c:1088:6:ShowChangeConfigFlash	32	static
../Core/Src/PlasmaDriver.c:1131:6:testGPIO	0	static
../Core/Src/PlasmaDriver.c:1346:6:PlasmaDriverInit	8	static
../Core/Src/PlasmaDriver.c:1388:6:PlasmaDoTask	136	static
