../Core/Src/main.c:118:5:main	1
../Core/Src/main.c:180:6:SystemClock_Config	4
../Core/Src/main.c:239:6:PeriphCommonClock_Config	2
../Core/Src/main.c:266:13:MX_ADC1_Init	6
../Core/Src/main.c:354:13:MX_ADC2_Init	6
../Core/Src/main.c:443:13:MX_ADC3_Init	13
../Core/Src/main.c:595:13:MX_COMP2_Init	2
../Core/Src/main.c:629:13:MX_ETH_Init	2
../Core/Src/main.c:678:13:MX_LPUART1_UART_Init	5
../Core/Src/main.c:726:13:MX_USART3_UART_Init	5
../Core/Src/main.c:774:13:MX_TIM1_Init	5
../Core/Src/main.c:844:13:MX_TIM2_Init	4
../Core/Src/main.c:893:13:MX_TIM3_Init	4
../Core/Src/main.c:941:13:MX_TIM4_Init	4
../Core/Src/main.c:990:13:MX_TIM15_Init	4
../Core/Src/main.c:1039:13:MX_USB_OTG_HS_USB_Init	1
../Core/Src/main.c:1058:13:MX_DMA_Init	1
../Core/Src/main.c:1079:13:MX_GPIO_Init	1
../Core/Src/main.c:1213:6:Error_Handler	1
