../Core/Src/main.c:120:5:main	8	static
../Core/Src/main.c:185:6:SystemClock_Config	120	static
../Core/Src/main.c:244:6:PeriphCommonClock_Config	192	static
../Core/Src/main.c:271:13:MX_ADC1_Init	56	static
../Core/Src/main.c:359:13:MX_ADC2_Init	72	static
../Core/Src/main.c:448:13:MX_ADC3_Init	48	static
../Core/Src/main.c:600:13:MX_COMP2_Init	8	static
../Core/Src/main.c:634:13:MX_ETH_Init	8	static
../Core/Src/main.c:683:13:MX_LPUART1_UART_Init	8	static
../Core/Src/main.c:731:13:MX_USART3_UART_Init	8	static
../Core/Src/main.c:779:13:MX_TIM1_Init	104	static
../Core/Src/main.c:849:13:MX_TIM2_Init	48	static
../Core/Src/main.c:898:13:MX_TIM3_Init	40	static
../Core/Src/main.c:946:13:MX_TIM4_Init	48	static
../Core/Src/main.c:995:13:MX_TIM15_Init	40	static
../Core/Src/main.c:1044:13:MX_TIM24_Init	40	static
../Core/Src/main.c:1089:13:MX_USB_OTG_HS_USB_Init	4	static
../Core/Src/main.c:1108:13:MX_DMA_Init	16	static
../Core/Src/main.c:1129:13:MX_GPIO_Init	64	static
../Core/Src/main.c:1263:6:Error_Handler	4	static,ignoring_inline_asm
