../Core/Src/main.c:120:5:main	1
../Core/Src/main.c:184:6:SystemClock_Config	4
../Core/Src/main.c:243:6:PeriphCommonClock_Config	2
../Core/Src/main.c:270:13:MX_ADC1_Init	6
../Core/Src/main.c:358:13:MX_ADC2_Init	6
../Core/Src/main.c:447:13:MX_ADC3_Init	13
../Core/Src/main.c:599:13:MX_COMP2_Init	2
../Core/Src/main.c:633:13:MX_ETH_Init	2
../Core/Src/main.c:682:13:MX_LPUART1_UART_Init	5
../Core/Src/main.c:730:13:MX_USART3_UART_Init	5
../Core/Src/main.c:778:13:MX_TIM1_Init	5
../Core/Src/main.c:848:13:MX_TIM2_Init	4
../Core/Src/main.c:897:13:MX_TIM3_Init	4
../Core/Src/main.c:945:13:MX_TIM4_Init	4
../Core/Src/main.c:994:13:MX_TIM15_Init	4
../Core/Src/main.c:1043:13:MX_TIM24_Init	4
../Core/Src/main.c:1088:13:MX_USB_OTG_HS_USB_Init	1
../Core/Src/main.c:1107:13:MX_DMA_Init	1
../Core/Src/main.c:1128:13:MX_GPIO_Init	1
../Core/Src/main.c:1262:6:Error_Handler	1
