../Core/Src/PlasmaDriver.c:163:17:writeConfigFlash	24	static
../Core/Src/PlasmaDriver.c:196:13:readConfigFlash	4	static
../Core/Src/PlasmaDriver.c:203:13:printCR	8	static
../Core/Src/PlasmaDriver.c:209:13:printString	16	static
../Core/Src/PlasmaDriver.c:215:13:printConfigFlash	8	static
../Core/Src/PlasmaDriver.c:229:13:printNumber	128	static
../Core/Src/PlasmaDriver.c:244:13:printHALErrorStatus	128	static
../Core/Src/PlasmaDriver.c:269:6:stopHbridge	32	static
../Core/Src/PlasmaDriver.c:289:13:printHbridgeData	120	static
../Core/Src/PlasmaDriver.c:301:13:programHbridge	160	static
../Core/Src/PlasmaDriver.c:475:7:convertADC12data	24	static
../Core/Src/PlasmaDriver.c:532:6:printADC12data	496	static
../Core/Src/PlasmaDriver.c:563:9:freqCorrection	64	static
../Core/Src/PlasmaDriver.c:627:9:voltageCorrection	40	static
../Core/Src/PlasmaDriver.c:651:6:measureBridgePlasmaADC12	16	static
../Core/Src/PlasmaDriver.c:683:6:doneMeasuringBridgePlasmaADC12	24	static
../Core/Src/PlasmaDriver.c:741:13:printHbridgeDatalogging	1112	static
../Core/Src/PlasmaDriver.c:767:6:autoFreqAdj	24	static
../Core/Src/PlasmaDriver.c:828:6:autoVoltageAdj	32	static
../Core/Src/PlasmaDriver.c:890:7:convertADC3data	24	static
../Core/Src/PlasmaDriver.c:945:6:printADC3data	136	static
../Core/Src/PlasmaDriver.c:964:6:measureVoltagesTemperaturesADC3	8	static
../Core/Src/PlasmaDriver.c:977:6:doneMeasuringVoltagesTemperaturesADC3	16	static
../Core/Src/PlasmaDriver.c:1005:16:GetNumber	48	static
../Core/Src/PlasmaDriver.c:1046:16:GetUint16Input	136	static
../Core/Src/PlasmaDriver.c:1070:6:HAL_ADC_ErrorCallback	16	static
../Core/Src/PlasmaDriver.c:1084:6:HAL_ADC_ConvCpltCallback	16	static
../Core/Src/PlasmaDriver.c:1106:6:PowerOffLowSupplies	8	static
../Core/Src/PlasmaDriver.c:1127:6:PowerOffHighSupplies	8	static
../Core/Src/PlasmaDriver.c:1146:6:PowerOffSupplies	8	static
../Core/Src/PlasmaDriver.c:1154:5:PowerOnLowSupplies	8	static
../Core/Src/PlasmaDriver.c:1187:5:PowerOnHighSupplies	8	static
../Core/Src/PlasmaDriver.c:1226:6:HAL_GPIO_EXTI_Callback	16	static
../Core/Src/PlasmaDriver.c:1237:13:InitializeConfigMenu	16	static
../Core/Src/PlasmaDriver.c:1250:13:InitializeMenu	16	static
../Core/Src/PlasmaDriver.c:1294:6:ShowChangeConfigFlash	32	static
../Core/Src/PlasmaDriver.c:1337:6:testGPIO	4	static
../Core/Src/PlasmaDriver.c:1401:13:RunModeAction	16	static
../Core/Src/PlasmaDriver.c:1412:13:TestModeAction	120	static
../Core/Src/PlasmaDriver.c:1535:13:PlasmaDriverMenu	24	static
../Core/Src/PlasmaDriver.c:1565:6:PlasmaDriverInit	8	static
../Core/Src/PlasmaDriver.c:1607:6:PlasmaDoTask	8	static
