../Core/Src/PlasmaDriver.c:163:17:writeConfigFlash	24	static
../Core/Src/PlasmaDriver.c:196:13:readConfigFlash	4	static
../Core/Src/PlasmaDriver.c:203:13:printCR	8	static
../Core/Src/PlasmaDriver.c:209:13:printString	16	static
../Core/Src/PlasmaDriver.c:215:13:printConfigFlash	8	static
../Core/Src/PlasmaDriver.c:229:13:printNumber	128	static
../Core/Src/PlasmaDriver.c:244:13:printHALErrorStatus	128	static
../Core/Src/PlasmaDriver.c:269:6:stopHbridge	32	static
../Core/Src/PlasmaDriver.c:289:13:printHbridgeData	120	static
../Core/Src/PlasmaDriver.c:301:13:programHbridge	160	static
../Core/Src/PlasmaDriver.c:475:7:convertADC12data	24	static
../Core/Src/PlasmaDriver.c:532:6:printADC12data	496	static
../Core/Src/PlasmaDriver.c:563:9:freqCorrection	64	static
../Core/Src/PlasmaDriver.c:627:9:voltageCorrection	16	static
../Core/Src/PlasmaDriver.c:695:6:measureBridgePlasmaADC12	16	static
../Core/Src/PlasmaDriver.c:727:6:doneMeasuringBridgePlasmaADC12	24	static
../Core/Src/PlasmaDriver.c:785:13:printHbridgeDatalogging	1112	static
../Core/Src/PlasmaDriver.c:811:6:autoFreqAdj	24	static
../Core/Src/PlasmaDriver.c:872:7:convertADC3data	24	static
../Core/Src/PlasmaDriver.c:927:6:printADC3data	136	static
../Core/Src/PlasmaDriver.c:946:6:measureVoltagesTemperaturesADC3	8	static
../Core/Src/PlasmaDriver.c:959:6:doneMeasuringVoltagesTemperaturesADC3	16	static
../Core/Src/PlasmaDriver.c:987:16:GetNumber	48	static
../Core/Src/PlasmaDriver.c:1028:16:GetUint16Input	136	static
../Core/Src/PlasmaDriver.c:1052:6:HAL_ADC_ErrorCallback	16	static
../Core/Src/PlasmaDriver.c:1066:6:HAL_ADC_ConvCpltCallback	16	static
../Core/Src/PlasmaDriver.c:1088:6:PowerOffLowSupplies	8	static
../Core/Src/PlasmaDriver.c:1109:6:PowerOffHighSupplies	8	static
../Core/Src/PlasmaDriver.c:1128:6:PowerOffSupplies	8	static
../Core/Src/PlasmaDriver.c:1136:5:PowerOnLowSupplies	8	static
../Core/Src/PlasmaDriver.c:1169:5:PowerOnHighSupplies	8	static
../Core/Src/PlasmaDriver.c:1208:6:HAL_GPIO_EXTI_Callback	16	static
../Core/Src/PlasmaDriver.c:1219:13:InitializeConfigMenu	16	static
../Core/Src/PlasmaDriver.c:1232:13:InitializeMenu	16	static
../Core/Src/PlasmaDriver.c:1275:6:ShowChangeConfigFlash	32	static
../Core/Src/PlasmaDriver.c:1318:6:testGPIO	4	static
../Core/Src/PlasmaDriver.c:1382:13:RunModeAction	16	static
../Core/Src/PlasmaDriver.c:1393:13:TestModeAction	120	static
../Core/Src/PlasmaDriver.c:1507:13:PlasmaDriverMenu	24	static
../Core/Src/PlasmaDriver.c:1537:6:PlasmaDriverInit	8	static
../Core/Src/PlasmaDriver.c:1579:6:PlasmaDoTask	8	static
