../Core/Src/PlasmaDriver.c:162:17:writeConfigFlash	24	static
../Core/Src/PlasmaDriver.c:195:13:readConfigFlash	4	static
../Core/Src/PlasmaDriver.c:202:13:printCR	8	static
../Core/Src/PlasmaDriver.c:208:13:printString	16	static
../Core/Src/PlasmaDriver.c:214:13:printConfigFlash	8	static
../Core/Src/PlasmaDriver.c:228:13:printNumber	128	static
../Core/Src/PlasmaDriver.c:243:13:printHALErrorStatus	128	static
../Core/Src/PlasmaDriver.c:268:6:stopHbridge	32	static
../Core/Src/PlasmaDriver.c:288:13:printHbridgeData	120	static
../Core/Src/PlasmaDriver.c:300:13:programHbridge	160	static
../Core/Src/PlasmaDriver.c:474:7:convertADC12data	24	static
../Core/Src/PlasmaDriver.c:531:6:printADC12data	496	static
../Core/Src/PlasmaDriver.c:562:9:freqCorrection	64	static
../Core/Src/PlasmaDriver.c:626:6:measureBridgePlasmaADC12	16	static
../Core/Src/PlasmaDriver.c:658:6:doneMeasuringBridgePlasmaADC12	24	static
../Core/Src/PlasmaDriver.c:715:13:printHbridgeDatalogging	1072	static
../Core/Src/PlasmaDriver.c:733:6:autoFreqAdj	16	static
../Core/Src/PlasmaDriver.c:787:7:convertADC3data	24	static
../Core/Src/PlasmaDriver.c:842:6:printADC3data	136	static
../Core/Src/PlasmaDriver.c:861:6:measureVoltagesTemperaturesADC3	8	static
../Core/Src/PlasmaDriver.c:874:6:doneMeasuringVoltagesTemperaturesADC3	16	static
../Core/Src/PlasmaDriver.c:902:16:GetNumber	48	static
../Core/Src/PlasmaDriver.c:943:16:GetUint16Input	136	static
../Core/Src/PlasmaDriver.c:967:6:HAL_ADC_ErrorCallback	16	static
../Core/Src/PlasmaDriver.c:981:6:HAL_ADC_ConvCpltCallback	16	static
../Core/Src/PlasmaDriver.c:1002:6:PowerOffLowSupplies	8	static
../Core/Src/PlasmaDriver.c:1023:6:PowerOffHighSupplies	8	static
../Core/Src/PlasmaDriver.c:1042:6:PowerOffSupplies	8	static
../Core/Src/PlasmaDriver.c:1050:5:PowerOnLowSupplies	8	static
../Core/Src/PlasmaDriver.c:1083:5:PowerOnHighSupplies	8	static
../Core/Src/PlasmaDriver.c:1122:6:HAL_GPIO_EXTI_Callback	16	static
../Core/Src/PlasmaDriver.c:1133:13:InitializeConfigMenu	16	static
../Core/Src/PlasmaDriver.c:1146:13:InitializeMenu	16	static
../Core/Src/PlasmaDriver.c:1189:6:ShowChangeConfigFlash	32	static
../Core/Src/PlasmaDriver.c:1232:6:testGPIO	4	static
../Core/Src/PlasmaDriver.c:1296:13:RunModeAction	16	static
../Core/Src/PlasmaDriver.c:1307:13:TestModeAction	120	static
../Core/Src/PlasmaDriver.c:1421:13:PlasmaDriverMenu	24	static
../Core/Src/PlasmaDriver.c:1451:6:PlasmaDriverInit	8	static
../Core/Src/PlasmaDriver.c:1493:6:PlasmaDoTask	8	static
