../Core/Src/PlasmaDriver.c:124:13:init_supply_struct	4	static
../Core/Src/PlasmaDriver.c:185:17:writeConfigFlash	24	static
../Core/Src/PlasmaDriver.c:218:13:readConfigFlash	4	static
../Core/Src/PlasmaDriver.c:225:13:printCR	8	static
../Core/Src/PlasmaDriver.c:231:13:printString	16	static
../Core/Src/PlasmaDriver.c:237:13:printConfigFlash	8	static
../Core/Src/PlasmaDriver.c:251:13:printNumber	128	static
../Core/Src/PlasmaDriver.c:266:13:printHALErrorStatus	128	static
../Core/Src/PlasmaDriver.c:291:6:stopHbridge	32	static
../Core/Src/PlasmaDriver.c:311:13:printHbridgeData	120	static
../Core/Src/PlasmaDriver.c:323:13:programHbridge	160	static
../Core/Src/PlasmaDriver.c:497:7:convertADC12data	24	static
../Core/Src/PlasmaDriver.c:554:6:printADC12data	496	static
../Core/Src/PlasmaDriver.c:585:9:freqCorrection	64	static
../Core/Src/PlasmaDriver.c:649:9:voltageCorrection	40	static
../Core/Src/PlasmaDriver.c:673:6:measureBridgePlasmaADC12	16	static
../Core/Src/PlasmaDriver.c:705:6:doneMeasuringBridgePlasmaADC12	24	static
../Core/Src/PlasmaDriver.c:763:13:printHbridgeDatalogging	1112	static
../Core/Src/PlasmaDriver.c:789:6:autoFreqAdj	24	static
../Core/Src/PlasmaDriver.c:850:6:autoVoltageAdj	32	static
../Core/Src/PlasmaDriver.c:912:7:convertADC3data	24	static
../Core/Src/PlasmaDriver.c:967:6:printADC3data	136	static
../Core/Src/PlasmaDriver.c:986:6:measureVoltagesTemperaturesADC3	8	static
../Core/Src/PlasmaDriver.c:999:6:doneMeasuringVoltagesTemperaturesADC3	16	static
../Core/Src/PlasmaDriver.c:1027:16:GetNumber	48	static
../Core/Src/PlasmaDriver.c:1068:16:GetUint16Input	136	static
../Core/Src/PlasmaDriver.c:1133:6:HAL_ADC_ErrorCallback	16	static
../Core/Src/PlasmaDriver.c:1147:6:HAL_ADC_ConvCpltCallback	16	static
../Core/Src/PlasmaDriver.c:1172:6:PowerOffLowSupplies	16	static
../Core/Src/PlasmaDriver.c:1202:6:PowerOffHighSupplies	8	static
../Core/Src/PlasmaDriver.c:1224:6:PowerOffSupplies	8	static
../Core/Src/PlasmaDriver.c:1232:5:PowerOnLowSupplies	8	static
../Core/Src/PlasmaDriver.c:1268:5:PowerOnHighSupplies	8	static
../Core/Src/PlasmaDriver.c:1311:6:HAL_GPIO_EXTI_Callback	16	static
../Core/Src/PlasmaDriver.c:1322:13:InitializeConfigMenu	16	static
../Core/Src/PlasmaDriver.c:1335:13:InitializeMenu	16	static
../Core/Src/PlasmaDriver.c:1379:6:ShowChangeConfigFlash	32	static
../Core/Src/PlasmaDriver.c:1422:6:testGPIO	4	static
../Core/Src/PlasmaDriver.c:1486:13:RunModeAction	16	static
../Core/Src/PlasmaDriver.c:1497:13:TestModeAction	120	static
../Core/Src/PlasmaDriver.c:1624:6:adjust_plasma	32	static
../Core/Src/PlasmaDriver.c:1695:6:start_plasma	16	static
../Core/Src/PlasmaDriver.c:1714:6:stop_plasma	8	static
../Core/Src/PlasmaDriver.c:1750:17:init_rc_state	32	static
../Core/Src/PlasmaDriver.c:1765:13:init_rc	8	static
../Core/Src/PlasmaDriver.c:1772:13:querySupply	16	static
../Core/Src/PlasmaDriver.c:1802:13:toggleSupply	24	static
../Core/Src/PlasmaDriver.c:1829:13:remoteControl	176	static
../Core/Src/PlasmaDriver.c:2013:13:PlasmaDriverMenu	24	static
../Core/Src/PlasmaDriver.c:2049:6:PlasmaDriverInit	8	static
../Core/Src/PlasmaDriver.c:2094:6:PlasmaDoTask	8	static
