../Core/Src/PlasmaDriver.c:162:17:writeConfigFlash	24	static
../Core/Src/PlasmaDriver.c:195:13:readConfigFlash	4	static
../Core/Src/PlasmaDriver.c:202:13:printCR	8	static
../Core/Src/PlasmaDriver.c:208:13:printString	16	static
../Core/Src/PlasmaDriver.c:214:13:printConfigFlash	8	static
../Core/Src/PlasmaDriver.c:228:13:printNumber	128	static
../Core/Src/PlasmaDriver.c:243:13:printHALErrorStatus	128	static
../Core/Src/PlasmaDriver.c:268:6:stopHbridge	32	static
../Core/Src/PlasmaDriver.c:288:13:printHbridgeData	120	static
../Core/Src/PlasmaDriver.c:296:13:programHbridge	160	static
../Core/Src/PlasmaDriver.c:464:7:convertADC12data	24	static
../Core/Src/PlasmaDriver.c:521:6:printADC12data	496	static
../Core/Src/PlasmaDriver.c:552:9:freqCorrection	64	static
../Core/Src/PlasmaDriver.c:613:6:measureBridgePlasmaADC12	16	static
../Core/Src/PlasmaDriver.c:645:6:doneMeasuringBridgePlasmaADC12	24	static
../Core/Src/PlasmaDriver.c:698:6:autoFreqAdj	112	static
../Core/Src/PlasmaDriver.c:744:7:convertADC3data	24	static
../Core/Src/PlasmaDriver.c:799:6:printADC3data	136	static
../Core/Src/PlasmaDriver.c:818:6:measureVoltagesTemperaturesADC3	8	static
../Core/Src/PlasmaDriver.c:831:6:doneMeasuringVoltagesTemperaturesADC3	16	static
../Core/Src/PlasmaDriver.c:859:16:GetNumber	48	static
../Core/Src/PlasmaDriver.c:900:16:GetUint16Input	136	static
../Core/Src/PlasmaDriver.c:924:6:HAL_ADC_ErrorCallback	16	static
../Core/Src/PlasmaDriver.c:938:6:HAL_ADC_ConvCpltCallback	16	static
../Core/Src/PlasmaDriver.c:959:6:PowerOffLowSupplies	8	static
../Core/Src/PlasmaDriver.c:980:6:PowerOffHighSupplies	8	static
../Core/Src/PlasmaDriver.c:999:6:PowerOffSupplies	8	static
../Core/Src/PlasmaDriver.c:1007:5:PowerOnLowSupplies	8	static
../Core/Src/PlasmaDriver.c:1040:5:PowerOnHighSupplies	8	static
../Core/Src/PlasmaDriver.c:1079:6:HAL_GPIO_EXTI_Callback	16	static
../Core/Src/PlasmaDriver.c:1090:13:InitializeConfigMenu	16	static
../Core/Src/PlasmaDriver.c:1103:13:InitializeMenu	16	static
../Core/Src/PlasmaDriver.c:1146:6:ShowChangeConfigFlash	32	static
../Core/Src/PlasmaDriver.c:1189:6:testGPIO	4	static
../Core/Src/PlasmaDriver.c:1253:13:RunModeAction	16	static
../Core/Src/PlasmaDriver.c:1264:13:TestModeAction	120	static
../Core/Src/PlasmaDriver.c:1378:13:PlasmaDriverMenu	24	static
../Core/Src/PlasmaDriver.c:1408:6:PlasmaDriverInit	8	static
../Core/Src/PlasmaDriver.c:1450:6:PlasmaDoTask	8	static
