../Core/Src/PlasmaDriver.c:162:17:writeConfigFlash	24	static
../Core/Src/PlasmaDriver.c:195:13:readConfigFlash	4	static
../Core/Src/PlasmaDriver.c:202:13:printCR	8	static
../Core/Src/PlasmaDriver.c:208:13:printString	16	static
../Core/Src/PlasmaDriver.c:214:13:printConfigFlash	8	static
../Core/Src/PlasmaDriver.c:228:13:printNumber	128	static
../Core/Src/PlasmaDriver.c:243:13:printHALErrorStatus	128	static
../Core/Src/PlasmaDriver.c:268:6:stopHbridge	32	static
../Core/Src/PlasmaDriver.c:288:13:printHbridgeData	120	static
../Core/Src/PlasmaDriver.c:296:13:programHbridge	160	static
../Core/Src/PlasmaDriver.c:464:7:convertADC12data	24	static
../Core/Src/PlasmaDriver.c:521:6:printADC12data	496	static
../Core/Src/PlasmaDriver.c:552:9:freqCorrection	64	static
../Core/Src/PlasmaDriver.c:616:6:measureBridgePlasmaADC12	16	static
../Core/Src/PlasmaDriver.c:648:6:doneMeasuringBridgePlasmaADC12	24	static
../Core/Src/PlasmaDriver.c:701:6:autoFreqAdj	112	static
../Core/Src/PlasmaDriver.c:747:7:convertADC3data	24	static
../Core/Src/PlasmaDriver.c:802:6:printADC3data	136	static
../Core/Src/PlasmaDriver.c:821:6:measureVoltagesTemperaturesADC3	8	static
../Core/Src/PlasmaDriver.c:834:6:doneMeasuringVoltagesTemperaturesADC3	16	static
../Core/Src/PlasmaDriver.c:862:16:GetNumber	48	static
../Core/Src/PlasmaDriver.c:903:16:GetUint16Input	136	static
../Core/Src/PlasmaDriver.c:927:6:HAL_ADC_ErrorCallback	16	static
../Core/Src/PlasmaDriver.c:941:6:HAL_ADC_ConvCpltCallback	16	static
../Core/Src/PlasmaDriver.c:962:6:PowerOffLowSupplies	8	static
../Core/Src/PlasmaDriver.c:983:6:PowerOffHighSupplies	8	static
../Core/Src/PlasmaDriver.c:1002:6:PowerOffSupplies	8	static
../Core/Src/PlasmaDriver.c:1010:5:PowerOnLowSupplies	8	static
../Core/Src/PlasmaDriver.c:1043:5:PowerOnHighSupplies	8	static
../Core/Src/PlasmaDriver.c:1082:6:HAL_GPIO_EXTI_Callback	16	static
../Core/Src/PlasmaDriver.c:1093:13:InitializeConfigMenu	16	static
../Core/Src/PlasmaDriver.c:1106:13:InitializeMenu	16	static
../Core/Src/PlasmaDriver.c:1149:6:ShowChangeConfigFlash	32	static
../Core/Src/PlasmaDriver.c:1192:6:testGPIO	4	static
../Core/Src/PlasmaDriver.c:1256:13:RunModeAction	16	static
../Core/Src/PlasmaDriver.c:1267:13:TestModeAction	120	static
../Core/Src/PlasmaDriver.c:1381:13:PlasmaDriverMenu	24	static
../Core/Src/PlasmaDriver.c:1411:6:PlasmaDriverInit	8	static
../Core/Src/PlasmaDriver.c:1453:6:PlasmaDoTask	8	static
