../Core/Src/PlasmaDriver.c:162:17:writeConfigFlash	24	static
../Core/Src/PlasmaDriver.c:195:13:readConfigFlash	4	static
../Core/Src/PlasmaDriver.c:202:13:printCR	8	static
../Core/Src/PlasmaDriver.c:208:13:printString	16	static
../Core/Src/PlasmaDriver.c:214:13:printConfigFlash	8	static
../Core/Src/PlasmaDriver.c:228:13:printNumber	128	static
../Core/Src/PlasmaDriver.c:243:13:printHALErrorStatus	128	static
../Core/Src/PlasmaDriver.c:268:6:stopHbridge	32	static
../Core/Src/PlasmaDriver.c:288:13:printHbridgeData	120	static
../Core/Src/PlasmaDriver.c:296:13:programHbridge	160	static
../Core/Src/PlasmaDriver.c:465:7:convertADC12data	24	static
../Core/Src/PlasmaDriver.c:515:6:printADC12data	496	static
../Core/Src/PlasmaDriver.c:546:9:freqCorrection	64	static
../Core/Src/PlasmaDriver.c:604:6:measureBridgePlasmaADC12	16	static
../Core/Src/PlasmaDriver.c:636:6:doneMeasuringBridgePlasmaADC12	24	static
../Core/Src/PlasmaDriver.c:689:7:convertADC3data	24	static
../Core/Src/PlasmaDriver.c:744:6:printADC3data	136	static
../Core/Src/PlasmaDriver.c:763:6:measureVoltagesTemperaturesADC3	8	static
../Core/Src/PlasmaDriver.c:776:6:doneMeasuringVoltagesTemperaturesADC3	16	static
../Core/Src/PlasmaDriver.c:804:16:GetNumber	48	static
../Core/Src/PlasmaDriver.c:845:16:GetUint16Input	136	static
../Core/Src/PlasmaDriver.c:869:6:HAL_ADC_ErrorCallback	16	static
../Core/Src/PlasmaDriver.c:883:6:HAL_ADC_ConvCpltCallback	16	static
../Core/Src/PlasmaDriver.c:904:6:PowerOffLowSupplies	8	static
../Core/Src/PlasmaDriver.c:925:6:PowerOffHighSupplies	8	static
../Core/Src/PlasmaDriver.c:946:5:PowerOnLowSupplies	8	static
../Core/Src/PlasmaDriver.c:979:5:PowerOnHighSupplies	8	static
../Core/Src/PlasmaDriver.c:1017:6:HAL_GPIO_EXTI_Callback	16	static
../Core/Src/PlasmaDriver.c:1031:13:InitializeConfigMenu	16	static
../Core/Src/PlasmaDriver.c:1044:13:InitializeMenu	16	static
../Core/Src/PlasmaDriver.c:1086:6:ShowChangeConfigFlash	32	static
../Core/Src/PlasmaDriver.c:1129:6:testGPIO	4	static
../Core/Src/PlasmaDriver.c:1193:13:RunModeAction	16	static
../Core/Src/PlasmaDriver.c:1204:13:TestModeAction	120	static
../Core/Src/PlasmaDriver.c:1314:13:PlasmaDriverMenu	24	static
../Core/Src/PlasmaDriver.c:1344:6:PlasmaDriverInit	8	static
../Core/Src/PlasmaDriver.c:1390:6:PlasmaDoTask	8	static
