../Core/Src/PlasmaDriver.c:162:17:writeConfigFlash	24	static
../Core/Src/PlasmaDriver.c:195:13:readConfigFlash	4	static
../Core/Src/PlasmaDriver.c:202:13:printCR	8	static
../Core/Src/PlasmaDriver.c:208:13:printString	16	static
../Core/Src/PlasmaDriver.c:214:13:printConfigFlash	8	static
../Core/Src/PlasmaDriver.c:228:13:printNumber	128	static
../Core/Src/PlasmaDriver.c:243:13:printHALErrorStatus	128	static
../Core/Src/PlasmaDriver.c:268:6:stopHbridge	32	static
../Core/Src/PlasmaDriver.c:288:13:printHbridgeData	120	static
../Core/Src/PlasmaDriver.c:300:13:programHbridge	160	static
../Core/Src/PlasmaDriver.c:474:7:convertADC12data	24	static
../Core/Src/PlasmaDriver.c:531:6:printADC12data	496	static
../Core/Src/PlasmaDriver.c:562:9:freqCorrection	64	static
../Core/Src/PlasmaDriver.c:626:6:measureBridgePlasmaADC12	16	static
../Core/Src/PlasmaDriver.c:658:6:doneMeasuringBridgePlasmaADC12	24	static
../Core/Src/PlasmaDriver.c:716:13:printHbridgeDatalogging	1096	static
../Core/Src/PlasmaDriver.c:740:6:autoFreqAdj	16	static
../Core/Src/PlasmaDriver.c:795:7:convertADC3data	24	static
../Core/Src/PlasmaDriver.c:850:6:printADC3data	136	static
../Core/Src/PlasmaDriver.c:869:6:measureVoltagesTemperaturesADC3	8	static
../Core/Src/PlasmaDriver.c:882:6:doneMeasuringVoltagesTemperaturesADC3	16	static
../Core/Src/PlasmaDriver.c:910:16:GetNumber	48	static
../Core/Src/PlasmaDriver.c:951:16:GetUint16Input	136	static
../Core/Src/PlasmaDriver.c:975:6:HAL_ADC_ErrorCallback	16	static
../Core/Src/PlasmaDriver.c:989:6:HAL_ADC_ConvCpltCallback	16	static
../Core/Src/PlasmaDriver.c:1010:6:PowerOffLowSupplies	8	static
../Core/Src/PlasmaDriver.c:1031:6:PowerOffHighSupplies	8	static
../Core/Src/PlasmaDriver.c:1050:6:PowerOffSupplies	8	static
../Core/Src/PlasmaDriver.c:1058:5:PowerOnLowSupplies	8	static
../Core/Src/PlasmaDriver.c:1091:5:PowerOnHighSupplies	8	static
../Core/Src/PlasmaDriver.c:1130:6:HAL_GPIO_EXTI_Callback	16	static
../Core/Src/PlasmaDriver.c:1141:13:InitializeConfigMenu	16	static
../Core/Src/PlasmaDriver.c:1154:13:InitializeMenu	16	static
../Core/Src/PlasmaDriver.c:1197:6:ShowChangeConfigFlash	32	static
../Core/Src/PlasmaDriver.c:1240:6:testGPIO	4	static
../Core/Src/PlasmaDriver.c:1304:13:RunModeAction	16	static
../Core/Src/PlasmaDriver.c:1315:13:TestModeAction	120	static
../Core/Src/PlasmaDriver.c:1429:13:PlasmaDriverMenu	24	static
../Core/Src/PlasmaDriver.c:1459:6:PlasmaDriverInit	8	static
../Core/Src/PlasmaDriver.c:1501:6:PlasmaDoTask	8	static
