../Core/Src/PlasmaDriver.c:124:13:init_supply_struct	4	static
../Core/Src/PlasmaDriver.c:185:17:writeConfigFlash	24	static
../Core/Src/PlasmaDriver.c:218:13:readConfigFlash	4	static
../Core/Src/PlasmaDriver.c:225:13:printCR	8	static
../Core/Src/PlasmaDriver.c:231:13:printString	16	static
../Core/Src/PlasmaDriver.c:237:13:printConfigFlash	8	static
../Core/Src/PlasmaDriver.c:251:13:printNumber	128	static
../Core/Src/PlasmaDriver.c:266:13:printHALErrorStatus	128	static
../Core/Src/PlasmaDriver.c:291:6:stopHbridge	32	static
../Core/Src/PlasmaDriver.c:311:13:printHbridgeData	120	static
../Core/Src/PlasmaDriver.c:323:13:programHbridge	160	static
../Core/Src/PlasmaDriver.c:497:7:convertADC12data	24	static
../Core/Src/PlasmaDriver.c:554:6:printADC12data	496	static
../Core/Src/PlasmaDriver.c:585:9:freqCorrection	64	static
../Core/Src/PlasmaDriver.c:649:9:voltageCorrection	40	static
../Core/Src/PlasmaDriver.c:673:6:measureBridgePlasmaADC12	16	static
../Core/Src/PlasmaDriver.c:705:6:doneMeasuringBridgePlasmaADC12	24	static
../Core/Src/PlasmaDriver.c:763:13:printHbridgeDatalogging	1112	static
../Core/Src/PlasmaDriver.c:789:6:autoFreqAdj	24	static
../Core/Src/PlasmaDriver.c:850:6:autoVoltageAdj	32	static
../Core/Src/PlasmaDriver.c:912:7:convertADC3data	24	static
../Core/Src/PlasmaDriver.c:967:6:printADC3data	136	static
../Core/Src/PlasmaDriver.c:986:6:measureVoltagesTemperaturesADC3	8	static
../Core/Src/PlasmaDriver.c:999:6:doneMeasuringVoltagesTemperaturesADC3	16	static
../Core/Src/PlasmaDriver.c:1027:16:GetNumber	48	static
../Core/Src/PlasmaDriver.c:1068:16:GetUint16Input	136	static
../Core/Src/PlasmaDriver.c:1133:6:HAL_ADC_ErrorCallback	16	static
../Core/Src/PlasmaDriver.c:1147:6:HAL_ADC_ConvCpltCallback	16	static
../Core/Src/PlasmaDriver.c:1169:6:PowerOffLowSupplies	8	static
../Core/Src/PlasmaDriver.c:1192:6:PowerOffHighSupplies	8	static
../Core/Src/PlasmaDriver.c:1212:6:PowerOffSupplies	8	static
../Core/Src/PlasmaDriver.c:1220:5:PowerOnLowSupplies	8	static
../Core/Src/PlasmaDriver.c:1256:5:PowerOnHighSupplies	8	static
../Core/Src/PlasmaDriver.c:1299:6:HAL_GPIO_EXTI_Callback	16	static
../Core/Src/PlasmaDriver.c:1310:13:InitializeConfigMenu	16	static
../Core/Src/PlasmaDriver.c:1323:13:InitializeMenu	16	static
../Core/Src/PlasmaDriver.c:1367:6:ShowChangeConfigFlash	32	static
../Core/Src/PlasmaDriver.c:1410:6:testGPIO	4	static
../Core/Src/PlasmaDriver.c:1474:13:RunModeAction	16	static
../Core/Src/PlasmaDriver.c:1485:13:TestModeAction	120	static
../Core/Src/PlasmaDriver.c:1621:17:init_rc_state	16	static
../Core/Src/PlasmaDriver.c:1632:13:init_rc	8	static
../Core/Src/PlasmaDriver.c:1639:13:querySupply	16	static
../Core/Src/PlasmaDriver.c:1669:13:toggleSupply	16	static
../Core/Src/PlasmaDriver.c:1678:13:remoteControl	112	static
../Core/Src/PlasmaDriver.c:1733:13:PlasmaDriverMenu	24	static
../Core/Src/PlasmaDriver.c:1769:6:PlasmaDriverInit	8	static
../Core/Src/PlasmaDriver.c:1814:6:PlasmaDoTask	8	static
