../Core/Src/PlasmaDriver.c:162:17:writeConfigFlash	24	static
../Core/Src/PlasmaDriver.c:195:13:readConfigFlash	4	static
../Core/Src/PlasmaDriver.c:202:13:printCR	8	static
../Core/Src/PlasmaDriver.c:208:13:printString	16	static
../Core/Src/PlasmaDriver.c:214:13:printConfigFlash	8	static
../Core/Src/PlasmaDriver.c:228:13:printNumber	128	static
../Core/Src/PlasmaDriver.c:243:13:printHALErrorStatus	128	static
../Core/Src/PlasmaDriver.c:268:6:stopHbridge	32	static
../Core/Src/PlasmaDriver.c:288:13:printHbridgeData	120	static
../Core/Src/PlasmaDriver.c:296:13:programHbridge	160	static
../Core/Src/PlasmaDriver.c:464:7:convertADC12data	24	static
../Core/Src/PlasmaDriver.c:521:6:printADC12data	496	static
../Core/Src/PlasmaDriver.c:552:9:freqCorrection	64	static
../Core/Src/PlasmaDriver.c:613:6:measureBridgePlasmaADC12	16	static
../Core/Src/PlasmaDriver.c:645:6:doneMeasuringBridgePlasmaADC12	24	static
../Core/Src/PlasmaDriver.c:698:7:convertADC3data	24	static
../Core/Src/PlasmaDriver.c:753:6:printADC3data	136	static
../Core/Src/PlasmaDriver.c:772:6:measureVoltagesTemperaturesADC3	8	static
../Core/Src/PlasmaDriver.c:785:6:doneMeasuringVoltagesTemperaturesADC3	16	static
../Core/Src/PlasmaDriver.c:813:16:GetNumber	48	static
../Core/Src/PlasmaDriver.c:854:16:GetUint16Input	136	static
../Core/Src/PlasmaDriver.c:878:6:HAL_ADC_ErrorCallback	16	static
../Core/Src/PlasmaDriver.c:892:6:HAL_ADC_ConvCpltCallback	16	static
../Core/Src/PlasmaDriver.c:913:6:PowerOffLowSupplies	8	static
../Core/Src/PlasmaDriver.c:934:6:PowerOffHighSupplies	8	static
../Core/Src/PlasmaDriver.c:953:6:PowerOffSupplies	8	static
../Core/Src/PlasmaDriver.c:961:5:PowerOnLowSupplies	8	static
../Core/Src/PlasmaDriver.c:994:5:PowerOnHighSupplies	8	static
../Core/Src/PlasmaDriver.c:1033:6:HAL_GPIO_EXTI_Callback	16	static
../Core/Src/PlasmaDriver.c:1044:13:InitializeConfigMenu	16	static
../Core/Src/PlasmaDriver.c:1057:13:InitializeMenu	16	static
../Core/Src/PlasmaDriver.c:1099:6:ShowChangeConfigFlash	32	static
../Core/Src/PlasmaDriver.c:1142:6:testGPIO	4	static
../Core/Src/PlasmaDriver.c:1206:13:RunModeAction	16	static
../Core/Src/PlasmaDriver.c:1217:13:TestModeAction	120	static
../Core/Src/PlasmaDriver.c:1327:13:PlasmaDriverMenu	24	static
../Core/Src/PlasmaDriver.c:1357:6:PlasmaDriverInit	8	static
../Core/Src/PlasmaDriver.c:1399:6:PlasmaDoTask	8	static
