../Drivers/STM32H7xx_HAL_Driver/Src/stm32h7xx_hal_comp.c:262:19:HAL_COMP_Init	40	static
../Drivers/STM32H7xx_HAL_Driver/Src/stm32h7xx_hal_comp.c:493:19:HAL_COMP_DeInit	24	static
../Drivers/STM32H7xx_HAL_Driver/Src/stm32h7xx_hal_comp.c:542:13:HAL_COMP_MspInit	16	static
../Drivers/STM32H7xx_HAL_Driver/Src/stm32h7xx_hal_comp.c:556:13:HAL_COMP_MspDeInit	16	static
../Drivers/STM32H7xx_HAL_Driver/Src/stm32h7xx_hal_comp.c:750:19:HAL_COMP_Start	24	static
../Drivers/STM32H7xx_HAL_Driver/Src/stm32h7xx_hal_comp.c:803:19:HAL_COMP_Stop	24	static
../Drivers/STM32H7xx_HAL_Driver/Src/stm32h7xx_hal_comp.c:846:19:HAL_COMP_Start_IT	24	static
../Drivers/STM32H7xx_HAL_Driver/Src/stm32h7xx_hal_comp.c:901:19:HAL_COMP_Stop_IT	24	static
../Drivers/STM32H7xx_HAL_Driver/Src/stm32h7xx_hal_comp.c:924:6:HAL_COMP_IRQHandler	24	static
../Drivers/STM32H7xx_HAL_Driver/Src/stm32h7xx_hal_comp.c:1090:19:HAL_COMP_Lock	24	static
../Drivers/STM32H7xx_HAL_Driver/Src/stm32h7xx_hal_comp.c:1151:10:HAL_COMP_GetOutputLevel	16	static
../Drivers/STM32H7xx_HAL_Driver/Src/stm32h7xx_hal_comp.c:1171:13:HAL_COMP_TriggerCallback	16	static
../Drivers/STM32H7xx_HAL_Driver/Src/stm32h7xx_hal_comp.c:1204:23:HAL_COMP_GetState	16	static
../Drivers/STM32H7xx_HAL_Driver/Src/stm32h7xx_hal_comp.c:1224:10:HAL_COMP_GetError	16	static
